******************************************************************************
                  TI ARM Linker PC v20.2.4                     
******************************************************************************
>> Linked Thu May  5 12:37:06 2022

OUTPUT FILE NAME:   <Final Project.out>
ENTRY POINT SYMBOL: "_c_int00_noargs"  address: 000045c9


MEMORY CONFIGURATION

         name            origin    length      used     unused   attr    fill
----------------------  --------  ---------  --------  --------  ----  --------
  FLASH                 00000000   00040000  000049cc  0003b634  R  X
  SRAM                  20000000   00008000  00002f48  000050b8  RW X


SEGMENT ALLOCATION MAP

run origin  load origin   length   init length attrs members
----------  ----------- ---------- ----------- ----- -------
00000000    00000000    000049d0   000049d0    r-x
  00000000    00000000    0000026c   0000026c    r-- .intvecs
  0000026c    0000026c    000045b0   000045b0    r-x .text
  0000481c    0000481c    00000118   00000118    r-- .const
  00004938    00004938    00000098   00000098    r-- .cinit
20000000    20000000    00002f4c   00000000    rw-
  20000000    20000000    0000026c   00000000    rw- .vtable
  20000270    20000270    00001000   00000000    rw- .stack
  20001270    20001270    00001000   00000000    rw- .sysmem
  20002270    20002270    0000096c   00000000    rw- .bss
  20002bdc    20002bdc    00000370   00000000    rw- .data


SECTION ALLOCATION MAP

 output                                  attributes/
section   page    origin      length       input sections
--------  ----  ----------  ----------   ----------------
.intvecs   0    00000000    0000026c     
                  00000000    0000026c     tm4c123gh6pm_startup_ccs.obj (.intvecs)

.text      0    0000026c    000045b0     
                  0000026c    00000c14     open_interface.obj (.text)
                  00000e80    00000a4e     rtsv7M4_T_le_v4SPD16_eabi.lib : _printfi.c.obj (.text:__TI_printfi)
                  000018ce    00000002                                   : _lock.c.obj (.text:_nop)
                  000018d0    0000058c     movement.obj (.text)
                  00001e5c    000004cc     main.obj (.text)
                  00002328    00000328     lcd.obj (.text)
                  00002650    000002b4     ping.obj (.text)
                  00002904    00000270     rtsv7M4_T_le_v4SPD16_eabi.lib : _printfi.c.obj (.text:_pconv_a)
                  00002b74    00000248     Timer.obj (.text)
                  00002dbc    000001d0     rtsv7M4_T_le_v4SPD16_eabi.lib : _printfi.c.obj (.text:_pconv_g)
                  00002f8c    000001c4     uart-interrupt.obj (.text)
                  00003150    000001b6     rtsv7M4_T_le_v4SPD16_eabi.lib : fd_add_t2.asm.obj (.text)
                  00003306    00000002                                   : div0.asm.obj (.text)
                  00003308    00000158     Servo.obj (.text)
                  00003460    0000013c     rtsv7M4_T_le_v4SPD16_eabi.lib : _printfi.c.obj (.text:_pconv_e)
                  0000359c    00000136                                   : fd_div_t2.asm.obj (.text)
                  000036d2    00000002     --HOLE-- [fill = 0]
                  000036d4    00000124     adc.obj (.text)
                  000037f8    00000124     rtsv7M4_T_le_v4SPD16_eabi.lib : _printfi.c.obj (.text:fcvt)
                  0000391c    00000110                                   : s_scalbn.c.obj (.text:scalbn)
                  00003a2c    00000100                                   : memory.c.obj (.text:aligned_alloc)
                  00003b2c    000000fc                                   : fd_mul_t2.asm.obj (.text)
                  00003c28    000000e4                                   : memory.c.obj (.text:free)
                  00003d0c    000000b1                                   : _printfi.c.obj (.text:_ltostr)
                  00003dbd    00000001     --HOLE-- [fill = 0]
                  00003dbe    0000009c                                   : memcpy_t2.asm.obj (.text)
                  00003e5a    00000096                                   : ull_div_t2.asm.obj (.text)
                  00003ef0    00000086                                   : fd_cmp_t2.asm.obj (.text:__aeabi_cdcmple)
                  00003f76    00000086                                   : fd_cmp_t2.asm.obj (.text:__aeabi_cdrcmple)
                  00003ffc    0000007a                                   : memset_t2.asm.obj (.text)
                  00004076    00000002     --HOLE-- [fill = 0]
                  00004078    00000070                                   : memory.c.obj (.text:split)
                  000040e8    0000006e                                   : _printfi.c.obj (.text:_mcpy)
                  00004156    0000006e                                   : fd_tos_t2.asm.obj (.text)
                  000041c4    00000068                                   : copy_decompress_lzss.c.obj (.text:decompress:lzss:__TI_decompress_lzss)
                  0000422c    00000064                                   : s_frexp.c.obj (.text:frexp)
                  00004290    00000056                                   : _printfi.c.obj (.text:_pconv_f)
                  000042e6    00000054                                   : _ltoa.c.obj (.text:__TI_ltoa)
                  0000433a    00000052                                   : _printfi.c.obj (.text:_ecpy)
                  0000438c    0000004c                                   : atoi.c.obj (.text:atoi)
                  000043d8    00000048                                   : fd_toi_t2.asm.obj (.text)
                  00004420    00000044                                   : autoinit.c.obj (.text:__TI_auto_init_nobinit_nopinit:__TI_auto_init_nobinit_nopinit)
                  00004464    00000040                                   : sprintf.c.obj (.text:sprintf)
                  000044a4    00000040                                   : vsnprintf.c.obj (.text:vsnprintf)
                  000044e4    0000003e                                   : _printfi.c.obj (.text:_fcpy)
                  00004522    00000002     --HOLE-- [fill = 0]
                  00004524    00000038                                   : memory.c.obj (.text:calloc)
                  0000455c    00000038                                   : fs_tod_t2.asm.obj (.text)
                  00004594    00000034     driverlib.lib : interrupt.obj (.text:IntRegister)
                  000045c8    00000034     rtsv7M4_T_le_v4SPD16_eabi.lib : boot_cortex_m.c.obj (.text:_c_int00_noargs:_c_int00_noargs)
                  000045fc    00000030                                   : vsnprintf.c.obj (.text:_outs)
                  0000462c    0000002e                                   : i_tofd_t2.asm.obj (.text)
                  0000465a    00000002     --HOLE-- [fill = 0]
                  0000465c    00000028                                   : memory.c.obj (.text:free_list_insert)
                  00004684    00000020                                   : u_tofd_t2.asm.obj (.text)
                  000046a4    0000001c                                   : memory.c.obj (.text:free_list_remove)
                  000046c0    0000001c                                   : memccpy.c.obj (.text:memccpy)
                  000046dc    0000001a                                   : s_copysign.c.obj (.text:copysign)
                  000046f6    00000018                                   : vsnprintf.c.obj (.text:_outc)
                  0000470e    00000018                                   : sprintf.c.obj (.text:_outs)
                  00004726    00000018     open_interface.obj (.text:oi_parseInt)
                  0000473e    00000018     rtsv7M4_T_le_v4SPD16_eabi.lib : strcmp.c.obj (.text:strcmp)
                  00004756    00000016                                   : strchr.c.obj (.text:strchr)
                  0000476c    00000014                                   : strcpy.c.obj (.text:strcpy)
                  00004780    00000014                                   : strlen.c.obj (.text:strlen)
                  00004794    00000012                                   : wcslen.c.obj (.text:wcslen)
                  000047a6    00000010     driverlib.lib : interrupt.obj (.text:IntMasterEnable)
                  000047b6    00000010     lcd.obj (.text:lcd_clear)
                  000047c6    0000000e     rtsv7M4_T_le_v4SPD16_eabi.lib : copy_decompress_none.c.obj (.text:decompress:none:__TI_decompress_none)
                  000047d4    0000000c     driverlib.lib : cpu.obj (.text:CPUcpsie)
                  000047e0    0000000c     rtsv7M4_T_le_v4SPD16_eabi.lib : copy_zero_init.c.obj (.text:decompress:ZI:__TI_zero_init)
                  000047ec    0000000c     tm4c123gh6pm_startup_ccs.obj (.text)
                  000047f8    0000000a     rtsv7M4_T_le_v4SPD16_eabi.lib : sprintf.c.obj (.text:_outc)
                  00004802    00000002     --HOLE-- [fill = 0]
                  00004804    00000008                                   : errno.c.obj (.text:__aeabi_errno_addr)
                  0000480c    00000008                                   : memory.c.obj (.text:malloc)
                  00004814    00000004                                   : pre_init.c.obj (.text:_system_pre_init)
                  00004818    00000004                                   : exit.c.obj (.text:abort:abort)

.const     0    0000481c    00000118     
                  0000481c    00000101     rtsv7M4_T_le_v4SPD16_eabi.lib : ctype.c.obj (.const:.string:_ctypes_)
                  0000491d    0000000f     open_interface.obj (.const:.string:$P$T0$3)
                  0000492c    00000004     lcd.obj (.const:.string:lineAddress$1)
                  00004930    00000004     lcd.obj (.const:.string:lineAddresses$2)

.cinit     0    00004938    00000098     
                  00004938    0000005f     (.cinit..data.load) [load image, compression = lzss]
                  00004997    00000001     --HOLE-- [fill = 0]
                  00004998    0000000c     (__TI_handler_table)
                  000049a4    00000004     --HOLE-- [fill = 0]
                  000049a8    00000008     (.cinit..bss.load) [load image, compression = zero_init]
                  000049b0    00000008     (.cinit..vtable.load) [load image, compression = zero_init]
                  000049b8    00000018     (__TI_cinit_table)

.init_array 
*          0    00000000    00000000     UNINITIALIZED

.vtable    0    20000000    0000026c     UNINITIALIZED
                  20000000    0000026c     driverlib.lib : interrupt.obj (.vtable)

.stack     0    20000270    00001000     UNINITIALIZED
                  20000270    00000004     rtsv7M4_T_le_v4SPD16_eabi.lib : boot_cortex_m.c.obj (.stack)
                  20000274    00000ffc     --HOLE--

.sysmem    0    20001270    00001000     UNINITIALIZED
                  20001270    00000010     rtsv7M4_T_le_v4SPD16_eabi.lib : memory.c.obj (.sysmem)
                  20001280    00000ff0     --HOLE--

.bss       0    20002270    0000096c     UNINITIALIZED
                  20002270    000005a8     (.common:ping)
                  20002818    000002d4     (.common:IR)
                  20002aec    00000054     lcd.obj (.bss:lastbuffer$3)
                  20002b40    00000020     (.common:dataGlobal)
                  20002b60    00000020     (.common:message)
                  20002b80    00000020     (.common:obj)
                  20002ba0    00000020     (.common:warning)
                  20002bc0    00000018     open_interface.obj (.bss:firmware$2)
                  20002bd8    00000004     (.common:_timeout_ticks)

.data      0    20002bdc    00000370     UNINITIALIZED
                  20002bdc    000002d4     main.obj (.data:object)
                  20002eb0    00000020     movement.obj (.data)
                  20002ed0    00000020     open_interface.obj (.data)
                  20002ef0    00000013     main.obj (.data:ImperialMarchDurations)
                  20002f03    00000013     main.obj (.data:ImperialMarchNotes)
                  20002f16    00000001     Timer.obj (.data)
                  20002f17    00000001     --HOLE--
                  20002f18    00000009     main.obj (.data)
                  20002f21    00000003     --HOLE--
                  20002f24    00000009     ping.obj (.data)
                  20002f2d    00000003     --HOLE--
                  20002f30    00000008     rtsv7M4_T_le_v4SPD16_eabi.lib : _lock.c.obj (.data:$O1$$)
                  20002f38    00000008                                   : memory.c.obj (.data:$O1$$)
                  20002f40    00000008     uart-interrupt.obj (.data)
                  20002f48    00000004     rtsv7M4_T_le_v4SPD16_eabi.lib : errno.c.obj (.data)

__llvm_prf_cnts 
*          0    20000000    00000000     UNINITIALIZED

MODULE SUMMARY

       Module                         code    ro data   rw data
       ------                         ----    -------   -------
    .\
       main.obj                       1228    0         3039   
       open_interface.obj             3116    15        56     
       movement.obj                   1420    0         64     
       lcd.obj                        824     8         84     
       ping.obj                       692     0         9      
       tm4c123gh6pm_startup_ccs.obj   12      620       0      
       Timer.obj                      584     0         5      
       uart-interrupt.obj             452     0         8      
       Servo.obj                      344     0         0      
       adc.obj                        292     0         0      
    +--+------------------------------+-------+---------+---------+
       Total:                         8964    643       3265   
                                                               
    C:/ti/TivaWare_C_Series-2.1.4.178/driverlib/ccs/Debug/driverlib.lib
       interrupt.obj                  68      0         620    
       cpu.obj                        12      0         0      
    +--+------------------------------+-------+---------+---------+
       Total:                         80      0         620    
                                                               
    C:\ti\ccs1031\ccs\tools\compiler\ti-cgt-arm_20.2.4.LTS\lib\rtsv7M4_T_le_v4SPD16_eabi.lib
       _printfi.c.obj                 4851    0         0      
       memory.c.obj                   728     0         8      
       fd_add_t2.asm.obj              438     0         0      
       fd_div_t2.asm.obj              310     0         0      
       s_scalbn.c.obj                 272     0         0      
       fd_cmp_t2.asm.obj              268     0         0      
       ctype.c.obj                    0       257       0      
       fd_mul_t2.asm.obj              252     0         0      
       memcpy_t2.asm.obj              156     0         0      
       ull_div_t2.asm.obj             150     0         0      
       vsnprintf.c.obj                136     0         0      
       memset_t2.asm.obj              122     0         0      
       fd_tos_t2.asm.obj              110     0         0      
       copy_decompress_lzss.c.obj     104     0         0      
       s_frexp.c.obj                  100     0         0      
       sprintf.c.obj                  98      0         0      
       _ltoa.c.obj                    84      0         0      
       atoi.c.obj                     76      0         0      
       fd_toi_t2.asm.obj              72      0         0      
       autoinit.c.obj                 68      0         0      
       fs_tod_t2.asm.obj              56      0         0      
       boot_cortex_m.c.obj            52      0         0      
       i_tofd_t2.asm.obj              46      0         0      
       u_tofd_t2.asm.obj              32      0         0      
       memccpy.c.obj                  28      0         0      
       s_copysign.c.obj               26      0         0      
       strcmp.c.obj                   24      0         0      
       strchr.c.obj                   22      0         0      
       strcpy.c.obj                   20      0         0      
       strlen.c.obj                   20      0         0      
       wcslen.c.obj                   18      0         0      
       copy_decompress_none.c.obj     14      0         0      
       copy_zero_init.c.obj           12      0         0      
       errno.c.obj                    8       0         4      
       _lock.c.obj                    2       0         8      
       exit.c.obj                     4       0         0      
       pre_init.c.obj                 4       0         0      
       div0.asm.obj                   2       0         0      
    +--+------------------------------+-------+---------+---------+
       Total:                         8785    257       20     
                                                               
       Heap:                          0       0         4096   
       Stack:                         0       0         4096   
       Linker Generated:              0       147       0      
    +--+------------------------------+-------+---------+---------+
       Grand Total:                   17829   1047      12097  


LINKER GENERATED COPY TABLES

__TI_cinit_table @ 000049b8 records: 3, size/record: 8, table size: 24
	.data: load addr=00004938, load size=0000005f bytes, run addr=20002bdc, run size=00000370 bytes, compression=lzss
	.bss: load addr=000049a8, load size=00000008 bytes, run addr=20002270, run size=0000096c bytes, compression=zero_init
	.vtable: load addr=000049b0, load size=00000008 bytes, run addr=20000000, run size=0000026c bytes, compression=zero_init


LINKER GENERATED HANDLER TABLE

__TI_handler_table @ 00004998 records: 3, size/record: 4, table size: 12
	index: 0, handler: __TI_zero_init
	index: 1, handler: __TI_decompress_lzss
	index: 2, handler: __TI_decompress_none


GLOBAL SYMBOLS: SORTED ALPHABETICALLY BY Name 

address   name                          
-------   ----                          
00004819  C$$EXIT                       
000047d5  CPUcpsie                      
20002f28  END_TIME                      
20002ec0  FLCal_B                       
20002eb0  FLCal_EZ                      
20002ec4  FRCal_B                       
20002eb4  FRCal_EZ                      
00000bb7  GPIOF_Handler                 
20002818  IR                            
20002f1c  IRCal                         
20002ef0  ImperialMarchDurations        
20002f03  ImperialMarchNotes            
20002f20  ImperialMarchNumNotes         
000047a7  IntMasterEnable               
00004595  IntRegister                   
20002ec8  LCal_B                        
20002eb8  LCal_EZ                       
20002ecc  RCal_B                        
20002ebc  RCal_EZ                       
000047ed  ResetISR                      
20002f24  START_TIME                    
20002f2c  STATE                         
000027a3  TIMER3B_Handler               
000030ad  UART1_Handler                 
20001270  __STACK_END                   
00001000  __STACK_SIZE                  
20000470  __STACK_TOP                   
00001000  __SYSMEM_SIZE                 
000049b8  __TI_CINIT_Base               
000049d0  __TI_CINIT_Limit              
00004998  __TI_Handler_Table_Base       
000049a4  __TI_Handler_Table_Limit      
00004421  __TI_auto_init_nobinit_nopinit
000041c5  __TI_decompress_lzss          
000047c7  __TI_decompress_none          
000042e7  __TI_ltoa                     
ffffffff  __TI_pprof_out_hndl           
00000e81  __TI_printfi                  
ffffffff  __TI_prof_data_size           
ffffffff  __TI_prof_data_start          
00000000  __TI_static_base__            
000047e1  __TI_zero_init                
00003ef1  __aeabi_cdcmpeq               
00003ef1  __aeabi_cdcmple               
00003f77  __aeabi_cdrcmple              
00004157  __aeabi_d2f                   
000043d9  __aeabi_d2iz                  
0000315b  __aeabi_dadd                  
0000359d  __aeabi_ddiv                  
00003b2d  __aeabi_dmul                  
00003151  __aeabi_dsub                  
00004805  __aeabi_errno_addr            
0000455d  __aeabi_f2d                   
0000462d  __aeabi_i2d                   
00003307  __aeabi_idiv0                 
00003307  __aeabi_ldiv0                 
00003ffd  __aeabi_memclr                
00003ffd  __aeabi_memclr4               
00003ffd  __aeabi_memclr8               
00003dbf  __aeabi_memcpy                
00003dbf  __aeabi_memcpy4               
00003dbf  __aeabi_memcpy8               
00003fff  __aeabi_memset                
00003fff  __aeabi_memset4               
00003fff  __aeabi_memset8               
00004685  __aeabi_ui2d                  
00003e5b  __aeabi_uldivmod              
ffffffff  __binit__                     
ffffffff  __c_args__                    
UNDEFED   __mpu_init                    
20000270  __stack                       
20000000  __start___llvm_prf_cnts       
20000000  __stop___llvm_prf_cnts        
000045c9  _c_int00_noargs               
0000481c  _ctypes_                      
20002f30  _lock                         
000018cf  _nop                          
20002f16  _running                      
20001270  _sys_memory                   
UNDEFED   _system_post_cinit            
00004815  _system_pre_init              
20002bd8  _timeout_ticks                
20002f34  _unlock                       
00004819  abort                         
000036d5  adc_init                      
0000377f  adc_read                      
00003a2d  aligned_alloc                 
0000438d  atoi                          
ffffffff  binit                         
00004525  calloc                        
20002f40  command_byte                  
20002f44  command_flag                  
000046dd  copysign                      
000046dd  copysignl                     
20002b40  dataGlobal                    
20002f48  errno                         
00003c29  free                          
0000422d  frexp                         
0000422d  frexpl                        
20000000  g_pfnRAMVectors               
00000000  g_pfnVectors                  
00001e8f  getSensors                    
00001f39  getSmallest                   
0000097f  go_charge                     
000047b7  lcd_clear                     
000024fd  lcd_gotoLine                  
00002365  lcd_init                      
00002563  lcd_printf                    
00002425  lcd_putc                      
0000245d  lcd_puts                      
00002329  lcd_reverseNibble             
0000247b  lcd_sendCommand               
000024b9  lcd_sendNibble                
00002525  lcd_setCursorPos              
0000391d  ldexp                         
0000391d  ldexpl                        
00002031  main                          
0000480d  malloc                        
00003a2d  memalign                      
000046c1  memccpy                       
00003dbf  memcpy                        
00004005  memset                        
20002b60  message                       
20002ed0  motor_cal_factor_L            
20002ed4  motor_cal_factor_R            
00001b91  move_back                     
000018d1  move_forward                  
20002b80  obj                           
20002bdc  object                        
0000026d  oi_alloc                      
00000a9d  oi_checkFirmware              
000002c7  oi_close                      
00000279  oi_free                       
00000de1  oi_getMotorCalibrationLeft    
00000df1  oi_getMotorCalibrationRight   
000002b1  oi_init                       
00000289  oi_init_noupdate              
00000915  oi_loadSong                   
00004727  oi_parseInt                   
0000032b  oi_parsePacket                
0000096b  oi_play_song                  
0000084b  oi_setLeds                    
00000da5  oi_setMotorCalibration        
0000088f  oi_setWheels                  
00000b45  oi_shutoff_init               
00000981  oi_uartInit                   
00000a25  oi_uartReceive                
00000a6b  oi_uartSendBuff               
00000a09  oi_uartSendChar               
00000a4d  oi_uartSendStr                
000002d9  oi_update                     
20002270  ping                          
20002f18  pingCal                       
000027e3  ping_getDistance              
00002651  ping_init                     
00002725  ping_trigger                  
0000391d  scalbn                        
0000391d  scalbnl                       
00001e5d  sendMessage                   
00003309  servo_init                    
0000339d  servo_move                    
00004465  sprintf                       
00004757  strchr                        
0000473f  strcmp                        
0000476d  strcpy                        
00004781  strlen                        
00002c93  timer_getMicros               
00002c3b  timer_getMillis               
00002b75  timer_init                    
00002c17  timer_pause                   
00002c29  timer_resume                  
00002bed  timer_stop                    
00002ced  timer_waitMicros              
00002d1f  timer_waitMillis              
00001d05  turn_left                     
00001c35  turn_right                    
00002f8d  uart_interrupt_init           
00003069  uart_receive                  
0000304d  uart_sendChar                 
0000308f  uart_sendStr                  
000044a5  vsnprintf                     
20002ba0  warning                       
00004795  wcslen                        


GLOBAL SYMBOLS: SORTED BY Symbol Address 

address   name                          
-------   ----                          
00000000  __TI_static_base__            
00000000  g_pfnVectors                  
0000026d  oi_alloc                      
00000279  oi_free                       
00000289  oi_init_noupdate              
000002b1  oi_init                       
000002c7  oi_close                      
000002d9  oi_update                     
0000032b  oi_parsePacket                
0000084b  oi_setLeds                    
0000088f  oi_setWheels                  
00000915  oi_loadSong                   
0000096b  oi_play_song                  
0000097f  go_charge                     
00000981  oi_uartInit                   
00000a09  oi_uartSendChar               
00000a25  oi_uartReceive                
00000a4d  oi_uartSendStr                
00000a6b  oi_uartSendBuff               
00000a9d  oi_checkFirmware              
00000b45  oi_shutoff_init               
00000bb7  GPIOF_Handler                 
00000da5  oi_setMotorCalibration        
00000de1  oi_getMotorCalibrationLeft    
00000df1  oi_getMotorCalibrationRight   
00000e81  __TI_printfi                  
00001000  __STACK_SIZE                  
00001000  __SYSMEM_SIZE                 
000018cf  _nop                          
000018d1  move_forward                  
00001b91  move_back                     
00001c35  turn_right                    
00001d05  turn_left                     
00001e5d  sendMessage                   
00001e8f  getSensors                    
00001f39  getSmallest                   
00002031  main                          
00002329  lcd_reverseNibble             
00002365  lcd_init                      
00002425  lcd_putc                      
0000245d  lcd_puts                      
0000247b  lcd_sendCommand               
000024b9  lcd_sendNibble                
000024fd  lcd_gotoLine                  
00002525  lcd_setCursorPos              
00002563  lcd_printf                    
00002651  ping_init                     
00002725  ping_trigger                  
000027a3  TIMER3B_Handler               
000027e3  ping_getDistance              
00002b75  timer_init                    
00002bed  timer_stop                    
00002c17  timer_pause                   
00002c29  timer_resume                  
00002c3b  timer_getMillis               
00002c93  timer_getMicros               
00002ced  timer_waitMicros              
00002d1f  timer_waitMillis              
00002f8d  uart_interrupt_init           
0000304d  uart_sendChar                 
00003069  uart_receive                  
0000308f  uart_sendStr                  
000030ad  UART1_Handler                 
00003151  __aeabi_dsub                  
0000315b  __aeabi_dadd                  
00003307  __aeabi_idiv0                 
00003307  __aeabi_ldiv0                 
00003309  servo_init                    
0000339d  servo_move                    
0000359d  __aeabi_ddiv                  
000036d5  adc_init                      
0000377f  adc_read                      
0000391d  ldexp                         
0000391d  ldexpl                        
0000391d  scalbn                        
0000391d  scalbnl                       
00003a2d  aligned_alloc                 
00003a2d  memalign                      
00003b2d  __aeabi_dmul                  
00003c29  free                          
00003dbf  __aeabi_memcpy                
00003dbf  __aeabi_memcpy4               
00003dbf  __aeabi_memcpy8               
00003dbf  memcpy                        
00003e5b  __aeabi_uldivmod              
00003ef1  __aeabi_cdcmpeq               
00003ef1  __aeabi_cdcmple               
00003f77  __aeabi_cdrcmple              
00003ffd  __aeabi_memclr                
00003ffd  __aeabi_memclr4               
00003ffd  __aeabi_memclr8               
00003fff  __aeabi_memset                
00003fff  __aeabi_memset4               
00003fff  __aeabi_memset8               
00004005  memset                        
00004157  __aeabi_d2f                   
000041c5  __TI_decompress_lzss          
0000422d  frexp                         
0000422d  frexpl                        
000042e7  __TI_ltoa                     
0000438d  atoi                          
000043d9  __aeabi_d2iz                  
00004421  __TI_auto_init_nobinit_nopinit
00004465  sprintf                       
000044a5  vsnprintf                     
00004525  calloc                        
0000455d  __aeabi_f2d                   
00004595  IntRegister                   
000045c9  _c_int00_noargs               
0000462d  __aeabi_i2d                   
00004685  __aeabi_ui2d                  
000046c1  memccpy                       
000046dd  copysign                      
000046dd  copysignl                     
00004727  oi_parseInt                   
0000473f  strcmp                        
00004757  strchr                        
0000476d  strcpy                        
00004781  strlen                        
00004795  wcslen                        
000047a7  IntMasterEnable               
000047b7  lcd_clear                     
000047c7  __TI_decompress_none          
000047d5  CPUcpsie                      
000047e1  __TI_zero_init                
000047ed  ResetISR                      
00004805  __aeabi_errno_addr            
0000480d  malloc                        
00004815  _system_pre_init              
00004819  C$$EXIT                       
00004819  abort                         
0000481c  _ctypes_                      
00004998  __TI_Handler_Table_Base       
000049a4  __TI_Handler_Table_Limit      
000049b8  __TI_CINIT_Base               
000049d0  __TI_CINIT_Limit              
20000000  __start___llvm_prf_cnts       
20000000  __stop___llvm_prf_cnts        
20000000  g_pfnRAMVectors               
20000270  __stack                       
20000470  __STACK_TOP                   
20001270  __STACK_END                   
20001270  _sys_memory                   
20002270  ping                          
20002818  IR                            
20002b40  dataGlobal                    
20002b60  message                       
20002b80  obj                           
20002ba0  warning                       
20002bd8  _timeout_ticks                
20002bdc  object                        
20002eb0  FLCal_EZ                      
20002eb4  FRCal_EZ                      
20002eb8  LCal_EZ                       
20002ebc  RCal_EZ                       
20002ec0  FLCal_B                       
20002ec4  FRCal_B                       
20002ec8  LCal_B                        
20002ecc  RCal_B                        
20002ed0  motor_cal_factor_L            
20002ed4  motor_cal_factor_R            
20002ef0  ImperialMarchDurations        
20002f03  ImperialMarchNotes            
20002f16  _running                      
20002f18  pingCal                       
20002f1c  IRCal                         
20002f20  ImperialMarchNumNotes         
20002f24  START_TIME                    
20002f28  END_TIME                      
20002f2c  STATE                         
20002f30  _lock                         
20002f34  _unlock                       
20002f40  command_byte                  
20002f44  command_flag                  
20002f48  errno                         
ffffffff  __TI_pprof_out_hndl           
ffffffff  __TI_prof_data_size           
ffffffff  __TI_prof_data_start          
ffffffff  __binit__                     
ffffffff  __c_args__                    
ffffffff  binit                         
UNDEFED   __mpu_init                    
UNDEFED   _system_post_cinit            

[183 symbols]
