<?xml version="1.0" encoding="ISO-8859-1" ?>
<link_info>
   <banner>TI ARM Linker PC v20.2.4.LTS</banner>
   <copyright>Copyright (c) 1996-2018 Texas Instruments Incorporated</copyright>
   <link_time>0x62740b42</link_time>
   <link_errors>0x0</link_errors>
   <output_file>Final Project.out</output_file>
   <entry_point>
      <name>_c_int00_noargs</name>
      <address>0x45c9</address>
   </entry_point>
   <input_file_list>
      <input_file id="fl-2">
         <path>.\</path>
         <kind>object</kind>
         <file>Cliff.obj</file>
         <name>Cliff.obj</name>
      </input_file>
      <input_file id="fl-3">
         <path>.\</path>
         <kind>object</kind>
         <file>Servo.obj</file>
         <name>Servo.obj</name>
      </input_file>
      <input_file id="fl-4">
         <path>.\</path>
         <kind>object</kind>
         <file>Timer.obj</file>
         <name>Timer.obj</name>
      </input_file>
      <input_file id="fl-5">
         <path>.\</path>
         <kind>object</kind>
         <file>adc.obj</file>
         <name>adc.obj</name>
      </input_file>
      <input_file id="fl-6">
         <path>.\</path>
         <kind>object</kind>
         <file>button.obj</file>
         <name>button.obj</name>
      </input_file>
      <input_file id="fl-7">
         <path>.\</path>
         <kind>object</kind>
         <file>lcd.obj</file>
         <name>lcd.obj</name>
      </input_file>
      <input_file id="fl-8">
         <path>.\</path>
         <kind>object</kind>
         <file>main.obj</file>
         <name>main.obj</name>
      </input_file>
      <input_file id="fl-9">
         <path>.\</path>
         <kind>object</kind>
         <file>movement.obj</file>
         <name>movement.obj</name>
      </input_file>
      <input_file id="fl-a">
         <path>.\</path>
         <kind>object</kind>
         <file>open_interface.obj</file>
         <name>open_interface.obj</name>
      </input_file>
      <input_file id="fl-b">
         <path>.\</path>
         <kind>object</kind>
         <file>ping.obj</file>
         <name>ping.obj</name>
      </input_file>
      <input_file id="fl-c">
         <path>.\</path>
         <kind>object</kind>
         <file>tm4c123gh6pm_startup_ccs.obj</file>
         <name>tm4c123gh6pm_startup_ccs.obj</name>
      </input_file>
      <input_file id="fl-d">
         <path>.\</path>
         <kind>object</kind>
         <file>uart-interrupt.obj</file>
         <name>uart-interrupt.obj</name>
      </input_file>
      <input_file id="fl-12">
         <kind>object</kind>
         <file>&lt;internal&gt;</file>
         <name>&lt;internal&gt;</name>
      </input_file>
      <input_file id="fl-c8">
         <path>C:\ti\ccs1031\ccs\tools\compiler\ti-cgt-arm_20.2.4.LTS\lib\</path>
         <kind>archive</kind>
         <file>rtsv7M4_T_le_v4SPD16_eabi.lib</file>
         <name>sprintf.c.obj</name>
      </input_file>
      <input_file id="fl-c9">
         <path>C:\ti\ccs1031\ccs\tools\compiler\ti-cgt-arm_20.2.4.LTS\lib\</path>
         <kind>archive</kind>
         <file>rtsv7M4_T_le_v4SPD16_eabi.lib</file>
         <name>vsnprintf.c.obj</name>
      </input_file>
      <input_file id="fl-ca">
         <path>C:\ti\ccs1031\ccs\tools\compiler\ti-cgt-arm_20.2.4.LTS\lib\</path>
         <kind>archive</kind>
         <file>rtsv7M4_T_le_v4SPD16_eabi.lib</file>
         <name>fd_add_t2.asm.obj</name>
      </input_file>
      <input_file id="fl-cb">
         <path>C:\ti\ccs1031\ccs\tools\compiler\ti-cgt-arm_20.2.4.LTS\lib\</path>
         <kind>archive</kind>
         <file>rtsv7M4_T_le_v4SPD16_eabi.lib</file>
         <name>fd_cmp_t2.asm.obj</name>
      </input_file>
      <input_file id="fl-cc">
         <path>C:\ti\ccs1031\ccs\tools\compiler\ti-cgt-arm_20.2.4.LTS\lib\</path>
         <kind>archive</kind>
         <file>rtsv7M4_T_le_v4SPD16_eabi.lib</file>
         <name>fd_div_t2.asm.obj</name>
      </input_file>
      <input_file id="fl-cd">
         <path>C:\ti\ccs1031\ccs\tools\compiler\ti-cgt-arm_20.2.4.LTS\lib\</path>
         <kind>archive</kind>
         <file>rtsv7M4_T_le_v4SPD16_eabi.lib</file>
         <name>fd_mul_t2.asm.obj</name>
      </input_file>
      <input_file id="fl-ce">
         <path>C:\ti\ccs1031\ccs\tools\compiler\ti-cgt-arm_20.2.4.LTS\lib\</path>
         <kind>archive</kind>
         <file>rtsv7M4_T_le_v4SPD16_eabi.lib</file>
         <name>fd_tos_t2.asm.obj</name>
      </input_file>
      <input_file id="fl-cf">
         <path>C:\ti\ccs1031\ccs\tools\compiler\ti-cgt-arm_20.2.4.LTS\lib\</path>
         <kind>archive</kind>
         <file>rtsv7M4_T_le_v4SPD16_eabi.lib</file>
         <name>fs_tod_t2.asm.obj</name>
      </input_file>
      <input_file id="fl-d0">
         <path>C:\ti\ccs1031\ccs\tools\compiler\ti-cgt-arm_20.2.4.LTS\lib\</path>
         <kind>archive</kind>
         <file>rtsv7M4_T_le_v4SPD16_eabi.lib</file>
         <name>i_tofd_t2.asm.obj</name>
      </input_file>
      <input_file id="fl-d1">
         <path>C:\ti\ccs1031\ccs\tools\compiler\ti-cgt-arm_20.2.4.LTS\lib\</path>
         <kind>archive</kind>
         <file>rtsv7M4_T_le_v4SPD16_eabi.lib</file>
         <name>memcpy_t2.asm.obj</name>
      </input_file>
      <input_file id="fl-d2">
         <path>C:\ti\ccs1031\ccs\tools\compiler\ti-cgt-arm_20.2.4.LTS\lib\</path>
         <kind>archive</kind>
         <file>rtsv7M4_T_le_v4SPD16_eabi.lib</file>
         <name>u_tofd_t2.asm.obj</name>
      </input_file>
      <input_file id="fl-d3">
         <path>C:\ti\ccs1031\ccs\tools\compiler\ti-cgt-arm_20.2.4.LTS\lib\</path>
         <kind>archive</kind>
         <file>rtsv7M4_T_le_v4SPD16_eabi.lib</file>
         <name>copy_zero_init.c.obj</name>
      </input_file>
      <input_file id="fl-d4">
         <path>C:\ti\ccs1031\ccs\tools\compiler\ti-cgt-arm_20.2.4.LTS\lib\</path>
         <kind>archive</kind>
         <file>rtsv7M4_T_le_v4SPD16_eabi.lib</file>
         <name>copy_decompress_none.c.obj</name>
      </input_file>
      <input_file id="fl-d5">
         <path>C:\ti\ccs1031\ccs\tools\compiler\ti-cgt-arm_20.2.4.LTS\lib\</path>
         <kind>archive</kind>
         <file>rtsv7M4_T_le_v4SPD16_eabi.lib</file>
         <name>copy_decompress_lzss.c.obj</name>
      </input_file>
      <input_file id="fl-d6">
         <path>C:\ti\ccs1031\ccs\tools\compiler\ti-cgt-arm_20.2.4.LTS\lib\</path>
         <kind>archive</kind>
         <file>rtsv7M4_T_le_v4SPD16_eabi.lib</file>
         <name>memory.c.obj</name>
      </input_file>
      <input_file id="fl-d7">
         <path>C:\ti\ccs1031\ccs\tools\compiler\ti-cgt-arm_20.2.4.LTS\lib\</path>
         <kind>archive</kind>
         <file>rtsv7M4_T_le_v4SPD16_eabi.lib</file>
         <name>strcmp.c.obj</name>
      </input_file>
      <input_file id="fl-d8">
         <path>C:\ti\ccs1031\ccs\tools\compiler\ti-cgt-arm_20.2.4.LTS\lib\</path>
         <kind>archive</kind>
         <file>rtsv7M4_T_le_v4SPD16_eabi.lib</file>
         <name>strcpy.c.obj</name>
      </input_file>
      <input_file id="fl-d9">
         <path>C:\ti\ccs1031\ccs\tools\compiler\ti-cgt-arm_20.2.4.LTS\lib\</path>
         <kind>archive</kind>
         <file>rtsv7M4_T_le_v4SPD16_eabi.lib</file>
         <name>strlen.c.obj</name>
      </input_file>
      <input_file id="fl-da">
         <path>C:\ti\ccs1031\ccs\tools\compiler\ti-cgt-arm_20.2.4.LTS\lib\</path>
         <kind>archive</kind>
         <file>rtsv7M4_T_le_v4SPD16_eabi.lib</file>
         <name>boot_cortex_m.c.obj</name>
      </input_file>
      <input_file id="fl-db">
         <path>C:\ti\ccs1031\ccs\tools\compiler\ti-cgt-arm_20.2.4.LTS\lib\</path>
         <kind>archive</kind>
         <file>rtsv7M4_T_le_v4SPD16_eabi.lib</file>
         <name>_printfi.c.obj</name>
      </input_file>
      <input_file id="fl-dc">
         <path>C:\ti\ccs1031\ccs\tools\compiler\ti-cgt-arm_20.2.4.LTS\lib\</path>
         <kind>archive</kind>
         <file>rtsv7M4_T_le_v4SPD16_eabi.lib</file>
         <name>s_frexp.c.obj</name>
      </input_file>
      <input_file id="fl-dd">
         <path>C:\ti\ccs1031\ccs\tools\compiler\ti-cgt-arm_20.2.4.LTS\lib\</path>
         <kind>archive</kind>
         <file>rtsv7M4_T_le_v4SPD16_eabi.lib</file>
         <name>s_scalbn.c.obj</name>
      </input_file>
      <input_file id="fl-de">
         <path>C:\ti\ccs1031\ccs\tools\compiler\ti-cgt-arm_20.2.4.LTS\lib\</path>
         <kind>archive</kind>
         <file>rtsv7M4_T_le_v4SPD16_eabi.lib</file>
         <name>s_copysign.c.obj</name>
      </input_file>
      <input_file id="fl-df">
         <path>C:\ti\ccs1031\ccs\tools\compiler\ti-cgt-arm_20.2.4.LTS\lib\</path>
         <kind>archive</kind>
         <file>rtsv7M4_T_le_v4SPD16_eabi.lib</file>
         <name>ull_div_t2.asm.obj</name>
      </input_file>
      <input_file id="fl-e0">
         <path>C:\ti\ccs1031\ccs\tools\compiler\ti-cgt-arm_20.2.4.LTS\lib\</path>
         <kind>archive</kind>
         <file>rtsv7M4_T_le_v4SPD16_eabi.lib</file>
         <name>memset_t2.asm.obj</name>
      </input_file>
      <input_file id="fl-e1">
         <path>C:\ti\ccs1031\ccs\tools\compiler\ti-cgt-arm_20.2.4.LTS\lib\</path>
         <kind>archive</kind>
         <file>rtsv7M4_T_le_v4SPD16_eabi.lib</file>
         <name>fd_toi_t2.asm.obj</name>
      </input_file>
      <input_file id="fl-e2">
         <path>C:\ti\ccs1031\ccs\tools\compiler\ti-cgt-arm_20.2.4.LTS\lib\</path>
         <kind>archive</kind>
         <file>rtsv7M4_T_le_v4SPD16_eabi.lib</file>
         <name>autoinit.c.obj</name>
      </input_file>
      <input_file id="fl-e3">
         <path>C:\ti\ccs1031\ccs\tools\compiler\ti-cgt-arm_20.2.4.LTS\lib\</path>
         <kind>archive</kind>
         <file>rtsv7M4_T_le_v4SPD16_eabi.lib</file>
         <name>pre_init.c.obj</name>
      </input_file>
      <input_file id="fl-e4">
         <path>C:\ti\ccs1031\ccs\tools\compiler\ti-cgt-arm_20.2.4.LTS\lib\</path>
         <kind>archive</kind>
         <file>rtsv7M4_T_le_v4SPD16_eabi.lib</file>
         <name>cpy_tbl.c.obj</name>
      </input_file>
      <input_file id="fl-e5">
         <path>C:\ti\ccs1031\ccs\tools\compiler\ti-cgt-arm_20.2.4.LTS\lib\</path>
         <kind>archive</kind>
         <file>rtsv7M4_T_le_v4SPD16_eabi.lib</file>
         <name>exit.c.obj</name>
      </input_file>
      <input_file id="fl-e6">
         <path>C:\ti\ccs1031\ccs\tools\compiler\ti-cgt-arm_20.2.4.LTS\lib\</path>
         <kind>archive</kind>
         <file>rtsv7M4_T_le_v4SPD16_eabi.lib</file>
         <name>_lock.c.obj</name>
      </input_file>
      <input_file id="fl-e7">
         <path>C:\ti\ccs1031\ccs\tools\compiler\ti-cgt-arm_20.2.4.LTS\lib\</path>
         <kind>archive</kind>
         <file>rtsv7M4_T_le_v4SPD16_eabi.lib</file>
         <name>_ltoa.c.obj</name>
      </input_file>
      <input_file id="fl-e8">
         <path>C:\ti\ccs1031\ccs\tools\compiler\ti-cgt-arm_20.2.4.LTS\lib\</path>
         <kind>archive</kind>
         <file>rtsv7M4_T_le_v4SPD16_eabi.lib</file>
         <name>args_main.c.obj</name>
      </input_file>
      <input_file id="fl-e9">
         <path>C:\ti\ccs1031\ccs\tools\compiler\ti-cgt-arm_20.2.4.LTS\lib\</path>
         <kind>archive</kind>
         <file>rtsv7M4_T_le_v4SPD16_eabi.lib</file>
         <name>atoi.c.obj</name>
      </input_file>
      <input_file id="fl-ea">
         <path>C:\ti\ccs1031\ccs\tools\compiler\ti-cgt-arm_20.2.4.LTS\lib\</path>
         <kind>archive</kind>
         <file>rtsv7M4_T_le_v4SPD16_eabi.lib</file>
         <name>ctype.c.obj</name>
      </input_file>
      <input_file id="fl-eb">
         <path>C:\ti\ccs1031\ccs\tools\compiler\ti-cgt-arm_20.2.4.LTS\lib\</path>
         <kind>archive</kind>
         <file>rtsv7M4_T_le_v4SPD16_eabi.lib</file>
         <name>memccpy.c.obj</name>
      </input_file>
      <input_file id="fl-ec">
         <path>C:\ti\ccs1031\ccs\tools\compiler\ti-cgt-arm_20.2.4.LTS\lib\</path>
         <kind>archive</kind>
         <file>rtsv7M4_T_le_v4SPD16_eabi.lib</file>
         <name>strchr.c.obj</name>
      </input_file>
      <input_file id="fl-ed">
         <path>C:\ti\ccs1031\ccs\tools\compiler\ti-cgt-arm_20.2.4.LTS\lib\</path>
         <kind>archive</kind>
         <file>rtsv7M4_T_le_v4SPD16_eabi.lib</file>
         <name>errno.c.obj</name>
      </input_file>
      <input_file id="fl-ee">
         <path>C:\ti\ccs1031\ccs\tools\compiler\ti-cgt-arm_20.2.4.LTS\lib\</path>
         <kind>archive</kind>
         <file>rtsv7M4_T_le_v4SPD16_eabi.lib</file>
         <name>wcslen.c.obj</name>
      </input_file>
      <input_file id="fl-ef">
         <path>C:\ti\ccs1031\ccs\tools\compiler\ti-cgt-arm_20.2.4.LTS\lib\</path>
         <kind>archive</kind>
         <file>rtsv7M4_T_le_v4SPD16_eabi.lib</file>
         <name>div0.asm.obj</name>
      </input_file>
      <input_file id="fl-f0">
         <path>C:\ti\TivaWare_C_Series-2.1.4.178\driverlib\ccs\Debug\</path>
         <kind>archive</kind>
         <file>driverlib.lib</file>
         <name>interrupt.obj</name>
      </input_file>
      <input_file id="fl-f1">
         <path>C:\ti\TivaWare_C_Series-2.1.4.178\driverlib\ccs\Debug\</path>
         <kind>archive</kind>
         <file>driverlib.lib</file>
         <name>cpu.obj</name>
      </input_file>
   </input_file_list>
   <object_component_list>
      <object_component id="oc-12">
         <name>.intvecs</name>
         <load_address>0x0</load_address>
         <run_address>0x0</run_address>
         <size>0x26c</size>
         <input_file_ref idref="fl-c"/>
      </object_component>
      <object_component id="oc-11f">
         <name>.text</name>
         <load_address>0x26c</load_address>
         <run_address>0x26c</run_address>
         <size>0xc14</size>
         <input_file_ref idref="fl-a"/>
      </object_component>
      <object_component id="oc-1ba">
         <name>.text:__TI_printfi</name>
         <load_address>0xe80</load_address>
         <run_address>0xe80</run_address>
         <size>0xa4e</size>
         <input_file_ref idref="fl-db"/>
      </object_component>
      <object_component id="oc-2f3">
         <name>.text:_nop</name>
         <load_address>0x18ce</load_address>
         <run_address>0x18ce</run_address>
         <size>0x2</size>
         <input_file_ref idref="fl-e6"/>
      </object_component>
      <object_component id="oc-12b">
         <name>.text</name>
         <load_address>0x18d0</load_address>
         <run_address>0x18d0</run_address>
         <size>0x58c</size>
         <input_file_ref idref="fl-9"/>
      </object_component>
      <object_component id="oc-a2">
         <name>.text</name>
         <load_address>0x1e5c</load_address>
         <run_address>0x1e5c</run_address>
         <size>0x4cc</size>
         <input_file_ref idref="fl-8"/>
      </object_component>
      <object_component id="oc-125">
         <name>.text</name>
         <load_address>0x2328</load_address>
         <run_address>0x2328</run_address>
         <size>0x328</size>
         <input_file_ref idref="fl-7"/>
      </object_component>
      <object_component id="oc-f4">
         <name>.text</name>
         <load_address>0x2650</load_address>
         <run_address>0x2650</run_address>
         <size>0x2b4</size>
         <input_file_ref idref="fl-b"/>
      </object_component>
      <object_component id="oc-28b">
         <name>.text:_pconv_a</name>
         <load_address>0x2904</load_address>
         <run_address>0x2904</run_address>
         <size>0x270</size>
         <input_file_ref idref="fl-db"/>
      </object_component>
      <object_component id="oc-e8">
         <name>.text</name>
         <load_address>0x2b74</load_address>
         <run_address>0x2b74</run_address>
         <size>0x248</size>
         <input_file_ref idref="fl-4"/>
      </object_component>
      <object_component id="oc-279">
         <name>.text:_pconv_g</name>
         <load_address>0x2dbc</load_address>
         <run_address>0x2dbc</run_address>
         <size>0x1d0</size>
         <input_file_ref idref="fl-db"/>
      </object_component>
      <object_component id="oc-dc">
         <name>.text</name>
         <load_address>0x2f8c</load_address>
         <run_address>0x2f8c</run_address>
         <size>0x1c4</size>
         <input_file_ref idref="fl-d"/>
      </object_component>
      <object_component id="oc-1a2">
         <name>.text</name>
         <load_address>0x3150</load_address>
         <run_address>0x3150</run_address>
         <size>0x1b6</size>
         <input_file_ref idref="fl-ca"/>
      </object_component>
      <object_component id="oc-3a1">
         <name>.text</name>
         <load_address>0x3306</load_address>
         <run_address>0x3306</run_address>
         <size>0x2</size>
         <input_file_ref idref="fl-ef"/>
      </object_component>
      <object_component id="oc-e2">
         <name>.text</name>
         <load_address>0x3308</load_address>
         <run_address>0x3308</run_address>
         <size>0x158</size>
         <input_file_ref idref="fl-3"/>
      </object_component>
      <object_component id="oc-285">
         <name>.text:_pconv_e</name>
         <load_address>0x3460</load_address>
         <run_address>0x3460</run_address>
         <size>0x13c</size>
         <input_file_ref idref="fl-db"/>
      </object_component>
      <object_component id="oc-10f">
         <name>.text</name>
         <load_address>0x359c</load_address>
         <run_address>0x359c</run_address>
         <size>0x136</size>
         <input_file_ref idref="fl-cc"/>
      </object_component>
      <object_component id="oc-ee">
         <name>.text</name>
         <load_address>0x36d4</load_address>
         <run_address>0x36d4</run_address>
         <size>0x124</size>
         <input_file_ref idref="fl-5"/>
      </object_component>
      <object_component id="oc-340">
         <name>.text:fcvt</name>
         <load_address>0x37f8</load_address>
         <run_address>0x37f8</run_address>
         <size>0x124</size>
         <input_file_ref idref="fl-db"/>
      </object_component>
      <object_component id="oc-354">
         <name>.text:scalbn</name>
         <load_address>0x391c</load_address>
         <run_address>0x391c</run_address>
         <size>0x110</size>
         <input_file_ref idref="fl-dd"/>
      </object_component>
      <object_component id="oc-37b">
         <name>.text:aligned_alloc</name>
         <load_address>0x3a2c</load_address>
         <run_address>0x3a2c</run_address>
         <size>0x100</size>
         <input_file_ref idref="fl-d6"/>
      </object_component>
      <object_component id="oc-105">
         <name>.text</name>
         <load_address>0x3b2c</load_address>
         <run_address>0x3b2c</run_address>
         <size>0xfc</size>
         <input_file_ref idref="fl-cd"/>
      </object_component>
      <object_component id="oc-1e7">
         <name>.text:free</name>
         <load_address>0x3c28</load_address>
         <run_address>0x3c28</run_address>
         <size>0xe4</size>
         <input_file_ref idref="fl-d6"/>
      </object_component>
      <object_component id="oc-273">
         <name>.text:_ltostr</name>
         <load_address>0x3d0c</load_address>
         <run_address>0x3d0c</run_address>
         <size>0xb1</size>
         <input_file_ref idref="fl-db"/>
      </object_component>
      <object_component id="oc-3e">
         <name>.text</name>
         <load_address>0x3dbe</load_address>
         <run_address>0x3dbe</run_address>
         <size>0x9c</size>
         <input_file_ref idref="fl-d1"/>
      </object_component>
      <object_component id="oc-322">
         <name>.text</name>
         <load_address>0x3e5a</load_address>
         <run_address>0x3e5a</run_address>
         <size>0x96</size>
         <input_file_ref idref="fl-df"/>
      </object_component>
      <object_component id="oc-215">
         <name>.text:__aeabi_cdcmple</name>
         <load_address>0x3ef0</load_address>
         <run_address>0x3ef0</run_address>
         <size>0x86</size>
         <input_file_ref idref="fl-cb"/>
      </object_component>
      <object_component id="oc-220">
         <name>.text:__aeabi_cdrcmple</name>
         <load_address>0x3f76</load_address>
         <run_address>0x3f76</run_address>
         <size>0x86</size>
         <input_file_ref idref="fl-cb"/>
      </object_component>
      <object_component id="oc-96">
         <name>.text</name>
         <load_address>0x3ffc</load_address>
         <run_address>0x3ffc</run_address>
         <size>0x7a</size>
         <input_file_ref idref="fl-e0"/>
      </object_component>
      <object_component id="oc-3d1">
         <name>.text:split</name>
         <load_address>0x4078</load_address>
         <run_address>0x4078</run_address>
         <size>0x70</size>
         <input_file_ref idref="fl-d6"/>
      </object_component>
      <object_component id="oc-339">
         <name>.text:_mcpy</name>
         <load_address>0x40e8</load_address>
         <run_address>0x40e8</run_address>
         <size>0x6e</size>
         <input_file_ref idref="fl-db"/>
      </object_component>
      <object_component id="oc-1a7">
         <name>.text</name>
         <load_address>0x4156</load_address>
         <run_address>0x4156</run_address>
         <size>0x6e</size>
         <input_file_ref idref="fl-ce"/>
      </object_component>
      <object_component id="oc-15">
         <name>.text:decompress:lzss:__TI_decompress_lzss</name>
         <load_address>0x41c4</load_address>
         <run_address>0x41c4</run_address>
         <size>0x68</size>
         <input_file_ref idref="fl-d5"/>
      </object_component>
      <object_component id="oc-34e">
         <name>.text:frexp</name>
         <load_address>0x422c</load_address>
         <run_address>0x422c</run_address>
         <size>0x64</size>
         <input_file_ref idref="fl-dc"/>
      </object_component>
      <object_component id="oc-27f">
         <name>.text:_pconv_f</name>
         <load_address>0x4290</load_address>
         <run_address>0x4290</run_address>
         <size>0x56</size>
         <input_file_ref idref="fl-db"/>
      </object_component>
      <object_component id="oc-32d">
         <name>.text:__TI_ltoa</name>
         <load_address>0x42e6</load_address>
         <run_address>0x42e6</run_address>
         <size>0x54</size>
         <input_file_ref idref="fl-e7"/>
      </object_component>
      <object_component id="oc-333">
         <name>.text:_ecpy</name>
         <load_address>0x433a</load_address>
         <run_address>0x433a</run_address>
         <size>0x52</size>
         <input_file_ref idref="fl-db"/>
      </object_component>
      <object_component id="oc-26d">
         <name>.text:atoi</name>
         <load_address>0x438c</load_address>
         <run_address>0x438c</run_address>
         <size>0x4c</size>
         <input_file_ref idref="fl-e9"/>
      </object_component>
      <object_component id="oc-328">
         <name>.text</name>
         <load_address>0x43d8</load_address>
         <run_address>0x43d8</run_address>
         <size>0x48</size>
         <input_file_ref idref="fl-e1"/>
      </object_component>
      <object_component id="oc-14c">
         <name>.text:__TI_auto_init_nobinit_nopinit:__TI_auto_init_nobinit_nopinit</name>
         <load_address>0x4420</load_address>
         <run_address>0x4420</run_address>
         <size>0x44</size>
         <input_file_ref idref="fl-e2"/>
      </object_component>
      <object_component id="oc-ff">
         <name>.text:sprintf</name>
         <load_address>0x4464</load_address>
         <run_address>0x4464</run_address>
         <size>0x40</size>
         <input_file_ref idref="fl-c8"/>
      </object_component>
      <object_component id="oc-20a">
         <name>.text:vsnprintf</name>
         <load_address>0x44a4</load_address>
         <run_address>0x44a4</run_address>
         <size>0x40</size>
         <input_file_ref idref="fl-c9"/>
      </object_component>
      <object_component id="oc-346">
         <name>.text:_fcpy</name>
         <load_address>0x44e4</load_address>
         <run_address>0x44e4</run_address>
         <size>0x3e</size>
         <input_file_ref idref="fl-db"/>
      </object_component>
      <object_component id="oc-1e1">
         <name>.text:calloc</name>
         <load_address>0x4524</load_address>
         <run_address>0x4524</run_address>
         <size>0x38</size>
         <input_file_ref idref="fl-d6"/>
      </object_component>
      <object_component id="oc-fa">
         <name>.text</name>
         <load_address>0x455c</load_address>
         <run_address>0x455c</run_address>
         <size>0x38</size>
         <input_file_ref idref="fl-cf"/>
      </object_component>
      <object_component id="oc-187">
         <name>.text:IntRegister</name>
         <load_address>0x4594</load_address>
         <run_address>0x4594</run_address>
         <size>0x34</size>
         <input_file_ref idref="fl-f0"/>
      </object_component>
      <object_component id="oc-5c">
         <name>.text:_c_int00_noargs:_c_int00_noargs</name>
         <load_address>0x45c8</load_address>
         <run_address>0x45c8</run_address>
         <size>0x34</size>
         <input_file_ref idref="fl-da"/>
      </object_component>
      <object_component id="oc-2cf">
         <name>.text:_outs</name>
         <load_address>0x45fc</load_address>
         <run_address>0x45fc</run_address>
         <size>0x30</size>
         <input_file_ref idref="fl-c9"/>
      </object_component>
      <object_component id="oc-10a">
         <name>.text</name>
         <load_address>0x462c</load_address>
         <run_address>0x462c</run_address>
         <size>0x2e</size>
         <input_file_ref idref="fl-d0"/>
      </object_component>
      <object_component id="oc-2c0">
         <name>.text:free_list_insert</name>
         <load_address>0x465c</load_address>
         <run_address>0x465c</run_address>
         <size>0x28</size>
         <input_file_ref idref="fl-d6"/>
      </object_component>
      <object_component id="oc-19d">
         <name>.text</name>
         <load_address>0x4684</load_address>
         <run_address>0x4684</run_address>
         <size>0x20</size>
         <input_file_ref idref="fl-d2"/>
      </object_component>
      <object_component id="oc-2ba">
         <name>.text:free_list_remove</name>
         <load_address>0x46a4</load_address>
         <run_address>0x46a4</run_address>
         <size>0x1c</size>
         <input_file_ref idref="fl-d6"/>
      </object_component>
      <object_component id="oc-291">
         <name>.text:memccpy</name>
         <load_address>0x46c0</load_address>
         <run_address>0x46c0</run_address>
         <size>0x1c</size>
         <input_file_ref idref="fl-eb"/>
      </object_component>
      <object_component id="oc-3b5">
         <name>.text:copysign</name>
         <load_address>0x46dc</load_address>
         <run_address>0x46dc</run_address>
         <size>0x1a</size>
         <input_file_ref idref="fl-de"/>
      </object_component>
      <object_component id="oc-2d5">
         <name>.text:_outc</name>
         <load_address>0x46f6</load_address>
         <run_address>0x46f6</run_address>
         <size>0x18</size>
         <input_file_ref idref="fl-c9"/>
      </object_component>
      <object_component id="oc-1c0">
         <name>.text:_outs</name>
         <load_address>0x470e</load_address>
         <run_address>0x470e</run_address>
         <size>0x18</size>
         <input_file_ref idref="fl-c8"/>
      </object_component>
      <object_component id="oc-1ed">
         <name>.text:oi_parseInt</name>
         <load_address>0x4726</load_address>
         <run_address>0x4726</run_address>
         <size>0x18</size>
         <input_file_ref idref="fl-a"/>
      </object_component>
      <object_component id="oc-1f4">
         <name>.text:strcmp</name>
         <load_address>0x473e</load_address>
         <run_address>0x473e</run_address>
         <size>0x18</size>
         <input_file_ref idref="fl-d7"/>
      </object_component>
      <object_component id="oc-35a">
         <name>.text:strchr</name>
         <load_address>0x4756</load_address>
         <run_address>0x4756</run_address>
         <size>0x16</size>
         <input_file_ref idref="fl-ec"/>
      </object_component>
      <object_component id="oc-131">
         <name>.text:strcpy</name>
         <load_address>0x476c</load_address>
         <run_address>0x476c</run_address>
         <size>0x14</size>
         <input_file_ref idref="fl-d8"/>
      </object_component>
      <object_component id="oc-d6">
         <name>.text:strlen</name>
         <load_address>0x4780</load_address>
         <run_address>0x4780</run_address>
         <size>0x14</size>
         <input_file_ref idref="fl-d9"/>
      </object_component>
      <object_component id="oc-297">
         <name>.text:wcslen</name>
         <load_address>0x4794</load_address>
         <run_address>0x4794</run_address>
         <size>0x12</size>
         <input_file_ref idref="fl-ee"/>
      </object_component>
      <object_component id="oc-18d">
         <name>.text:IntMasterEnable</name>
         <load_address>0x47a6</load_address>
         <run_address>0x47a6</run_address>
         <size>0x10</size>
         <input_file_ref idref="fl-f0"/>
      </object_component>
      <object_component id="oc-203">
         <name>.text:lcd_clear</name>
         <load_address>0x47b6</load_address>
         <run_address>0x47b6</run_address>
         <size>0x10</size>
         <input_file_ref idref="fl-7"/>
      </object_component>
      <object_component id="oc-1b">
         <name>.text:decompress:none:__TI_decompress_none</name>
         <load_address>0x47c6</load_address>
         <run_address>0x47c6</run_address>
         <size>0xe</size>
         <input_file_ref idref="fl-d4"/>
      </object_component>
      <object_component id="oc-258">
         <name>.text:CPUcpsie</name>
         <load_address>0x47d4</load_address>
         <run_address>0x47d4</run_address>
         <size>0xc</size>
         <input_file_ref idref="fl-f1"/>
      </object_component>
      <object_component id="oc-50">
         <name>.text:decompress:ZI:__TI_zero_init</name>
         <load_address>0x47e0</load_address>
         <run_address>0x47e0</run_address>
         <size>0xc</size>
         <input_file_ref idref="fl-d3"/>
      </object_component>
      <object_component id="oc-2a">
         <name>.text</name>
         <load_address>0x47ec</load_address>
         <run_address>0x47ec</run_address>
         <size>0xc</size>
         <input_file_ref idref="fl-c"/>
      </object_component>
      <object_component id="oc-1c6">
         <name>.text:_outc</name>
         <load_address>0x47f8</load_address>
         <run_address>0x47f8</run_address>
         <size>0xa</size>
         <input_file_ref idref="fl-c8"/>
      </object_component>
      <object_component id="oc-29d">
         <name>.text:__aeabi_errno_addr</name>
         <load_address>0x4804</load_address>
         <run_address>0x4804</run_address>
         <size>0x8</size>
         <input_file_ref idref="fl-ed"/>
      </object_component>
      <object_component id="oc-2b3">
         <name>.text:malloc</name>
         <load_address>0x480c</load_address>
         <run_address>0x480c</run_address>
         <size>0x8</size>
         <input_file_ref idref="fl-d6"/>
      </object_component>
      <object_component id="oc-9c">
         <name>.text:_system_pre_init</name>
         <load_address>0x4814</load_address>
         <run_address>0x4814</run_address>
         <size>0x4</size>
         <input_file_ref idref="fl-e3"/>
      </object_component>
      <object_component id="oc-140">
         <name>.text:abort:abort</name>
         <load_address>0x4818</load_address>
         <run_address>0x4818</run_address>
         <size>0x4</size>
         <input_file_ref idref="fl-e5"/>
      </object_component>
      <object_component id="oc-31d">
         <name>.const:.string:_ctypes_</name>
         <load_address>0x481c</load_address>
         <run_address>0x481c</run_address>
         <size>0x101</size>
         <input_file_ref idref="fl-ea"/>
      </object_component>
      <object_component id="oc-1fd">
         <name>.const:.string:$P$T0$3</name>
         <load_address>0x491d</load_address>
         <run_address>0x491d</run_address>
         <size>0xf</size>
         <input_file_ref idref="fl-a"/>
      </object_component>
      <object_component id="oc-210">
         <name>.const:.string:lineAddress$1</name>
         <load_address>0x492c</load_address>
         <run_address>0x492c</run_address>
         <size>0x4</size>
         <input_file_ref idref="fl-7"/>
      </object_component>
      <object_component id="oc-211">
         <name>.const:.string:lineAddresses$2</name>
         <load_address>0x4930</load_address>
         <run_address>0x4930</run_address>
         <size>0x4</size>
         <input_file_ref idref="fl-7"/>
      </object_component>
      <object_component id="oc-418">
         <name>.cinit..data.load</name>
         <load_address>0x4938</load_address>
         <run_address>0x4938</run_address>
         <size>0x5f</size>
      </object_component>
      <object_component id="oc-415">
         <name>__TI_handler_table</name>
         <load_address>0x4998</load_address>
         <run_address>0x4998</run_address>
         <size>0xc</size>
      </object_component>
      <object_component id="oc-419">
         <name>.cinit..bss.load</name>
         <load_address>0x49a8</load_address>
         <run_address>0x49a8</run_address>
         <size>0x8</size>
      </object_component>
      <object_component id="oc-417">
         <name>.cinit..vtable.load</name>
         <load_address>0x49b0</load_address>
         <run_address>0x49b0</run_address>
         <size>0x8</size>
      </object_component>
      <object_component id="oc-416">
         <name>__TI_cinit_table</name>
         <load_address>0x49b8</load_address>
         <run_address>0x49b8</run_address>
         <size>0x18</size>
      </object_component>
      <object_component id="oc-24e">
         <name>.vtable</name>
         <uninitialized>true</uninitialized>
         <run_address>0x20000000</run_address>
         <size>0x26c</size>
         <input_file_ref idref="fl-f0"/>
      </object_component>
      <object_component id="oc-1ad">
         <name>.data</name>
         <load_address>0x20002f16</load_address>
         <run_address>0x20002f16</run_address>
         <size>0x1</size>
         <input_file_ref idref="fl-4"/>
      </object_component>
      <object_component id="oc-119">
         <name>.data</name>
         <load_address>0x20002f18</load_address>
         <run_address>0x20002f18</run_address>
         <size>0x9</size>
         <input_file_ref idref="fl-8"/>
      </object_component>
      <object_component id="oc-11c">
         <name>.data:object</name>
         <load_address>0x20002bdc</load_address>
         <run_address>0x20002bdc</run_address>
         <size>0x2d4</size>
         <input_file_ref idref="fl-8"/>
      </object_component>
      <object_component id="oc-139">
         <name>.data:ImperialMarchNotes</name>
         <load_address>0x20002f03</load_address>
         <run_address>0x20002f03</run_address>
         <size>0x13</size>
         <input_file_ref idref="fl-8"/>
      </object_component>
      <object_component id="oc-13c">
         <name>.data:ImperialMarchDurations</name>
         <load_address>0x20002ef0</load_address>
         <run_address>0x20002ef0</run_address>
         <size>0x13</size>
         <input_file_ref idref="fl-8"/>
      </object_component>
      <object_component id="oc-21d">
         <name>.data</name>
         <load_address>0x20002eb0</load_address>
         <run_address>0x20002eb0</run_address>
         <size>0x20</size>
         <input_file_ref idref="fl-9"/>
      </object_component>
      <object_component id="oc-1fa">
         <name>.data</name>
         <load_address>0x20002ed0</load_address>
         <run_address>0x20002ed0</run_address>
         <size>0x20</size>
         <input_file_ref idref="fl-a"/>
      </object_component>
      <object_component id="oc-1b5">
         <name>.data</name>
         <load_address>0x20002f24</load_address>
         <run_address>0x20002f24</run_address>
         <size>0x9</size>
         <input_file_ref idref="fl-b"/>
      </object_component>
      <object_component id="oc-193">
         <name>.data</name>
         <load_address>0x20002f40</load_address>
         <run_address>0x20002f40</run_address>
         <size>0x8</size>
         <input_file_ref idref="fl-d"/>
      </object_component>
      <object_component id="oc-382">
         <name>.data:$O1$$</name>
         <load_address>0x20002f38</load_address>
         <run_address>0x20002f38</run_address>
         <size>0x8</size>
         <input_file_ref idref="fl-d6"/>
      </object_component>
      <object_component id="oc-230">
         <name>.data:$O1$$</name>
         <load_address>0x20002f30</load_address>
         <run_address>0x20002f30</run_address>
         <size>0x8</size>
         <input_file_ref idref="fl-e6"/>
      </object_component>
      <object_component id="oc-36a">
         <name>.data</name>
         <load_address>0x20002f48</load_address>
         <run_address>0x20002f48</run_address>
         <size>0x4</size>
         <input_file_ref idref="fl-ed"/>
      </object_component>
      <object_component id="oc-212">
         <name>.bss:lastbuffer$3</name>
         <uninitialized>true</uninitialized>
         <run_address>0x20002aec</run_address>
         <size>0x54</size>
         <input_file_ref idref="fl-7"/>
      </object_component>
      <object_component id="oc-200">
         <name>.bss:firmware$2</name>
         <uninitialized>true</uninitialized>
         <run_address>0x20002bc0</run_address>
         <size>0x18</size>
         <input_file_ref idref="fl-a"/>
      </object_component>
      <object_component id="oc-1b0">
         <name>.common:_timeout_ticks</name>
         <uninitialized>true</uninitialized>
         <run_address>0x20002bd8</run_address>
         <size>0x4</size>
      </object_component>
      <object_component id="oc-114">
         <name>.common:IR</name>
         <uninitialized>true</uninitialized>
         <run_address>0x20002818</run_address>
         <size>0x2d4</size>
      </object_component>
      <object_component id="oc-117">
         <name>.common:ping</name>
         <uninitialized>true</uninitialized>
         <run_address>0x20002270</run_address>
         <size>0x5a8</size>
      </object_component>
      <object_component id="oc-118">
         <name>.common:dataGlobal</name>
         <uninitialized>true</uninitialized>
         <run_address>0x20002b40</run_address>
         <size>0x20</size>
      </object_component>
      <object_component id="oc-138">
         <name>.common:message</name>
         <uninitialized>true</uninitialized>
         <run_address>0x20002b60</run_address>
         <size>0x20</size>
      </object_component>
      <object_component id="oc-137">
         <name>.common:obj</name>
         <uninitialized>true</uninitialized>
         <run_address>0x20002b80</run_address>
         <size>0x20</size>
      </object_component>
      <object_component id="oc-21a">
         <name>.common:warning</name>
         <uninitialized>true</uninitialized>
         <run_address>0x20002ba0</run_address>
         <size>0x20</size>
      </object_component>
      <object_component id="oc-24">
         <name>.sysmem</name>
         <uninitialized>true</uninitialized>
         <run_address>0x20001270</run_address>
         <size>0x10</size>
         <input_file_ref idref="fl-d6"/>
      </object_component>
      <object_component id="oc-41c">
         <name>.sysmem</name>
         <uninitialized>true</uninitialized>
         <run_address>0x20001270</run_address>
         <size>0x0</size>
      </object_component>
      <object_component id="oc-27">
         <name>.stack</name>
         <uninitialized>true</uninitialized>
         <run_address>0x20000270</run_address>
         <size>0x4</size>
         <input_file_ref idref="fl-da"/>
      </object_component>
      <object_component id="oc-41b">
         <name>.stack</name>
         <uninitialized>true</uninitialized>
         <run_address>0x20000270</run_address>
         <size>0x0</size>
      </object_component>
      <object_component id="oc-c5">
         <name>.debug_info</name>
         <load_address>0x0</load_address>
         <run_address>0x0</run_address>
         <size>0x372</size>
         <input_file_ref idref="fl-2"/>
      </object_component>
      <object_component id="oc-180">
         <name>.debug_info</name>
         <load_address>0x372</load_address>
         <run_address>0x372</run_address>
         <size>0x5aa</size>
         <input_file_ref idref="fl-2"/>
      </object_component>
      <object_component id="oc-77">
         <name>.debug_info</name>
         <load_address>0x91c</load_address>
         <run_address>0x91c</run_address>
         <size>0x26b</size>
         <input_file_ref idref="fl-2"/>
      </object_component>
      <object_component id="oc-39">
         <name>.debug_info</name>
         <load_address>0xb87</load_address>
         <run_address>0xb87</run_address>
         <size>0x84</size>
         <input_file_ref idref="fl-2"/>
      </object_component>
      <object_component id="oc-c0">
         <name>.debug_info</name>
         <load_address>0xc0b</load_address>
         <run_address>0xc0b</run_address>
         <size>0x2a4</size>
         <input_file_ref idref="fl-2"/>
      </object_component>
      <object_component id="oc-7c">
         <name>.debug_info</name>
         <load_address>0xeaf</load_address>
         <run_address>0xeaf</run_address>
         <size>0xbb</size>
         <input_file_ref idref="fl-2"/>
      </object_component>
      <object_component id="oc-1d8">
         <name>.debug_info</name>
         <load_address>0xf6a</load_address>
         <run_address>0xf6a</run_address>
         <size>0xcc</size>
         <input_file_ref idref="fl-2"/>
      </object_component>
      <object_component id="oc-1ce">
         <name>.debug_info</name>
         <load_address>0x1036</load_address>
         <run_address>0x1036</run_address>
         <size>0x2c</size>
         <input_file_ref idref="fl-2"/>
      </object_component>
      <object_component id="oc-e3">
         <name>.debug_info</name>
         <load_address>0x1062</load_address>
         <run_address>0x1062</run_address>
         <size>0x23f</size>
         <input_file_ref idref="fl-3"/>
      </object_component>
      <object_component id="oc-1b1">
         <name>.debug_info</name>
         <load_address>0x12a1</load_address>
         <run_address>0x12a1</run_address>
         <size>0x2ba</size>
         <input_file_ref idref="fl-4"/>
      </object_component>
      <object_component id="oc-1ae">
         <name>.debug_info</name>
         <load_address>0x155b</load_address>
         <run_address>0x155b</run_address>
         <size>0xc8</size>
         <input_file_ref idref="fl-4"/>
      </object_component>
      <object_component id="oc-e9">
         <name>.debug_info</name>
         <load_address>0x1623</load_address>
         <run_address>0x1623</run_address>
         <size>0x510</size>
         <input_file_ref idref="fl-4"/>
      </object_component>
      <object_component id="oc-ef">
         <name>.debug_info</name>
         <load_address>0x1b33</load_address>
         <run_address>0x1b33</run_address>
         <size>0x145</size>
         <input_file_ref idref="fl-5"/>
      </object_component>
      <object_component id="oc-214">
         <name>.debug_info</name>
         <load_address>0x1c78</load_address>
         <run_address>0x1c78</run_address>
         <size>0x382</size>
         <input_file_ref idref="fl-7"/>
      </object_component>
      <object_component id="oc-205">
         <name>.debug_info</name>
         <load_address>0x1ffa</load_address>
         <run_address>0x1ffa</run_address>
         <size>0x11d</size>
         <input_file_ref idref="fl-7"/>
      </object_component>
      <object_component id="oc-126">
         <name>.debug_info</name>
         <load_address>0x2117</load_address>
         <run_address>0x2117</run_address>
         <size>0x8a9</size>
         <input_file_ref idref="fl-7"/>
      </object_component>
      <object_component id="oc-115">
         <name>.debug_info</name>
         <load_address>0x29c0</load_address>
         <run_address>0x29c0</run_address>
         <size>0x763</size>
         <input_file_ref idref="fl-8"/>
      </object_component>
      <object_component id="oc-11a">
         <name>.debug_info</name>
         <load_address>0x3123</load_address>
         <run_address>0x3123</run_address>
         <size>0x11b</size>
         <input_file_ref idref="fl-8"/>
      </object_component>
      <object_component id="oc-11d">
         <name>.debug_info</name>
         <load_address>0x323e</load_address>
         <run_address>0x323e</run_address>
         <size>0xc3</size>
         <input_file_ref idref="fl-8"/>
      </object_component>
      <object_component id="oc-13a">
         <name>.debug_info</name>
         <load_address>0x3301</load_address>
         <run_address>0x3301</run_address>
         <size>0xdb</size>
         <input_file_ref idref="fl-8"/>
      </object_component>
      <object_component id="oc-13d">
         <name>.debug_info</name>
         <load_address>0x33dc</load_address>
         <run_address>0x33dc</run_address>
         <size>0xe3</size>
         <input_file_ref idref="fl-8"/>
      </object_component>
      <object_component id="oc-a3">
         <name>.debug_info</name>
         <load_address>0x34bf</load_address>
         <run_address>0x34bf</run_address>
         <size>0x746</size>
         <input_file_ref idref="fl-8"/>
      </object_component>
      <object_component id="oc-21b">
         <name>.debug_info</name>
         <load_address>0x3c05</load_address>
         <run_address>0x3c05</run_address>
         <size>0x37c</size>
         <input_file_ref idref="fl-9"/>
      </object_component>
      <object_component id="oc-21e">
         <name>.debug_info</name>
         <load_address>0x3f81</load_address>
         <run_address>0x3f81</run_address>
         <size>0x1a2</size>
         <input_file_ref idref="fl-9"/>
      </object_component>
      <object_component id="oc-12d">
         <name>.debug_info</name>
         <load_address>0x4123</load_address>
         <run_address>0x4123</run_address>
         <size>0x7a9</size>
         <input_file_ref idref="fl-9"/>
      </object_component>
      <object_component id="oc-202">
         <name>.debug_info</name>
         <load_address>0x48cc</load_address>
         <run_address>0x48cc</run_address>
         <size>0x3ff</size>
         <input_file_ref idref="fl-a"/>
      </object_component>
      <object_component id="oc-1fb">
         <name>.debug_info</name>
         <load_address>0x4ccb</load_address>
         <run_address>0x4ccb</run_address>
         <size>0x11a</size>
         <input_file_ref idref="fl-a"/>
      </object_component>
      <object_component id="oc-1fe">
         <name>.debug_info</name>
         <load_address>0x4de5</load_address>
         <run_address>0x4de5</run_address>
         <size>0xcf</size>
         <input_file_ref idref="fl-a"/>
      </object_component>
      <object_component id="oc-1ef">
         <name>.debug_info</name>
         <load_address>0x4eb4</load_address>
         <run_address>0x4eb4</run_address>
         <size>0x147</size>
         <input_file_ref idref="fl-a"/>
      </object_component>
      <object_component id="oc-120">
         <name>.debug_info</name>
         <load_address>0x4ffb</load_address>
         <run_address>0x4ffb</run_address>
         <size>0x196b</size>
         <input_file_ref idref="fl-a"/>
      </object_component>
      <object_component id="oc-197">
         <name>.debug_info</name>
         <load_address>0x6966</load_address>
         <run_address>0x6966</run_address>
         <size>0x8b</size>
         <input_file_ref idref="fl-a"/>
      </object_component>
      <object_component id="oc-26c">
         <name>.debug_info</name>
         <load_address>0x69f1</load_address>
         <run_address>0x69f1</run_address>
         <size>0x2ed</size>
         <input_file_ref idref="fl-b"/>
      </object_component>
      <object_component id="oc-1b6">
         <name>.debug_info</name>
         <load_address>0x6cde</load_address>
         <run_address>0x6cde</run_address>
         <size>0x107</size>
         <input_file_ref idref="fl-b"/>
      </object_component>
      <object_component id="oc-f5">
         <name>.debug_info</name>
         <load_address>0x6de5</load_address>
         <run_address>0x6de5</run_address>
         <size>0x33e</size>
         <input_file_ref idref="fl-b"/>
      </object_component>
      <object_component id="oc-319">
         <name>.debug_info</name>
         <load_address>0x7123</load_address>
         <run_address>0x7123</run_address>
         <size>0x44</size>
         <input_file_ref idref="fl-b"/>
      </object_component>
      <object_component id="oc-32">
         <name>.debug_info</name>
         <load_address>0x7167</load_address>
         <run_address>0x7167</run_address>
         <size>0x2a4</size>
         <input_file_ref idref="fl-c"/>
      </object_component>
      <object_component id="oc-13">
         <name>.debug_info</name>
         <load_address>0x740b</load_address>
         <run_address>0x740b</run_address>
         <size>0xe3</size>
         <input_file_ref idref="fl-c"/>
      </object_component>
      <object_component id="oc-2e">
         <name>.debug_info</name>
         <load_address>0x74ee</load_address>
         <run_address>0x74ee</run_address>
         <size>0x25f</size>
         <input_file_ref idref="fl-c"/>
      </object_component>
      <object_component id="oc-19c">
         <name>.debug_info</name>
         <load_address>0x774d</load_address>
         <run_address>0x774d</run_address>
         <size>0x2d0</size>
         <input_file_ref idref="fl-d"/>
      </object_component>
      <object_component id="oc-194">
         <name>.debug_info</name>
         <load_address>0x7a1d</load_address>
         <run_address>0x7a1d</run_address>
         <size>0x102</size>
         <input_file_ref idref="fl-d"/>
      </object_component>
      <object_component id="oc-e0">
         <name>.debug_info</name>
         <load_address>0x7b1f</load_address>
         <run_address>0x7b1f</run_address>
         <size>0x3ad</size>
         <input_file_ref idref="fl-d"/>
      </object_component>
      <object_component id="oc-1cd">
         <name>.debug_info</name>
         <load_address>0x7ecc</load_address>
         <run_address>0x7ecc</run_address>
         <size>0x333</size>
         <input_file_ref idref="fl-c8"/>
      </object_component>
      <object_component id="oc-101">
         <name>.debug_info</name>
         <load_address>0x81ff</load_address>
         <run_address>0x81ff</run_address>
         <size>0x1d1</size>
         <input_file_ref idref="fl-c8"/>
      </object_component>
      <object_component id="oc-1c1">
         <name>.debug_info</name>
         <load_address>0x83d0</load_address>
         <run_address>0x83d0</run_address>
         <size>0x18d</size>
         <input_file_ref idref="fl-c8"/>
      </object_component>
      <object_component id="oc-1c7">
         <name>.debug_info</name>
         <load_address>0x855d</load_address>
         <run_address>0x855d</run_address>
         <size>0x16d</size>
         <input_file_ref idref="fl-c8"/>
      </object_component>
      <object_component id="oc-2dd">
         <name>.debug_info</name>
         <load_address>0x86ca</load_address>
         <run_address>0x86ca</run_address>
         <size>0x2c</size>
         <input_file_ref idref="fl-c8"/>
      </object_component>
      <object_component id="oc-2dc">
         <name>.debug_info</name>
         <load_address>0x86f6</load_address>
         <run_address>0x86f6</run_address>
         <size>0x340</size>
         <input_file_ref idref="fl-c9"/>
      </object_component>
      <object_component id="oc-20d">
         <name>.debug_info</name>
         <load_address>0x8a36</load_address>
         <run_address>0x8a36</run_address>
         <size>0x208</size>
         <input_file_ref idref="fl-c9"/>
      </object_component>
      <object_component id="oc-2d2">
         <name>.debug_info</name>
         <load_address>0x8c3e</load_address>
         <run_address>0x8c3e</run_address>
         <size>0x1c6</size>
         <input_file_ref idref="fl-c9"/>
      </object_component>
      <object_component id="oc-2d8">
         <name>.debug_info</name>
         <load_address>0x8e04</load_address>
         <run_address>0x8e04</run_address>
         <size>0x179</size>
         <input_file_ref idref="fl-c9"/>
      </object_component>
      <object_component id="oc-2e2">
         <name>.debug_info</name>
         <load_address>0x8f7d</load_address>
         <run_address>0x8f7d</run_address>
         <size>0x69</size>
         <input_file_ref idref="fl-c9"/>
      </object_component>
      <object_component id="oc-1a4">
         <name>.debug_info</name>
         <load_address>0x8fe6</load_address>
         <run_address>0x8fe6</run_address>
         <size>0x14c</size>
         <input_file_ref idref="fl-ca"/>
      </object_component>
      <object_component id="oc-216">
         <name>.debug_info</name>
         <load_address>0x9132</load_address>
         <run_address>0x9132</run_address>
         <size>0x128</size>
         <input_file_ref idref="fl-cb"/>
      </object_component>
      <object_component id="oc-221">
         <name>.debug_info</name>
         <load_address>0x925a</load_address>
         <run_address>0x925a</run_address>
         <size>0x12a</size>
         <input_file_ref idref="fl-cb"/>
      </object_component>
      <object_component id="oc-112">
         <name>.debug_info</name>
         <load_address>0x9384</load_address>
         <run_address>0x9384</run_address>
         <size>0x13a</size>
         <input_file_ref idref="fl-cc"/>
      </object_component>
      <object_component id="oc-107">
         <name>.debug_info</name>
         <load_address>0x94be</load_address>
         <run_address>0x94be</run_address>
         <size>0x13a</size>
         <input_file_ref idref="fl-cd"/>
      </object_component>
      <object_component id="oc-1aa">
         <name>.debug_info</name>
         <load_address>0x95f8</load_address>
         <run_address>0x95f8</run_address>
         <size>0x13e</size>
         <input_file_ref idref="fl-ce"/>
      </object_component>
      <object_component id="oc-fd">
         <name>.debug_info</name>
         <load_address>0x9736</load_address>
         <run_address>0x9736</run_address>
         <size>0x12c</size>
         <input_file_ref idref="fl-cf"/>
      </object_component>
      <object_component id="oc-10d">
         <name>.debug_info</name>
         <load_address>0x9862</load_address>
         <run_address>0x9862</run_address>
         <size>0x12c</size>
         <input_file_ref idref="fl-d0"/>
      </object_component>
      <object_component id="oc-41">
         <name>.debug_info</name>
         <load_address>0x998e</load_address>
         <run_address>0x998e</run_address>
         <size>0x119</size>
         <input_file_ref idref="fl-d1"/>
      </object_component>
      <object_component id="oc-19e">
         <name>.debug_info</name>
         <load_address>0x9aa7</load_address>
         <run_address>0x9aa7</run_address>
         <size>0x12e</size>
         <input_file_ref idref="fl-d2"/>
      </object_component>
      <object_component id="oc-95">
         <name>.debug_info</name>
         <load_address>0x9bd5</load_address>
         <run_address>0x9bd5</run_address>
         <size>0x2d4</size>
         <input_file_ref idref="fl-d3"/>
      </object_component>
      <object_component id="oc-53">
         <name>.debug_info</name>
         <load_address>0x9ea9</load_address>
         <run_address>0x9ea9</run_address>
         <size>0x1b5</size>
         <input_file_ref idref="fl-d3"/>
      </object_component>
      <object_component id="oc-90">
         <name>.debug_info</name>
         <load_address>0xa05e</load_address>
         <run_address>0xa05e</run_address>
         <size>0x46</size>
         <input_file_ref idref="fl-d3"/>
      </object_component>
      <object_component id="oc-cd">
         <name>.debug_info</name>
         <load_address>0xa0a4</load_address>
         <run_address>0xa0a4</run_address>
         <size>0x2c</size>
         <input_file_ref idref="fl-d3"/>
      </object_component>
      <object_component id="oc-49">
         <name>.debug_info</name>
         <load_address>0xa0d0</load_address>
         <run_address>0xa0d0</run_address>
         <size>0x2a8</size>
         <input_file_ref idref="fl-d4"/>
      </object_component>
      <object_component id="oc-1f">
         <name>.debug_info</name>
         <load_address>0xa378</load_address>
         <run_address>0xa378</run_address>
         <size>0x1ea</size>
         <input_file_ref idref="fl-d4"/>
      </object_component>
      <object_component id="oc-44">
         <name>.debug_info</name>
         <load_address>0xa562</load_address>
         <run_address>0xa562</run_address>
         <size>0x46</size>
         <input_file_ref idref="fl-d4"/>
      </object_component>
      <object_component id="oc-88">
         <name>.debug_info</name>
         <load_address>0xa5a8</load_address>
         <run_address>0xa5a8</run_address>
         <size>0x2c</size>
         <input_file_ref idref="fl-d4"/>
      </object_component>
      <object_component id="oc-86">
         <name>.debug_info</name>
         <load_address>0xa5d4</load_address>
         <run_address>0xa5d4</run_address>
         <size>0x29e</size>
         <input_file_ref idref="fl-d5"/>
      </object_component>
      <object_component id="oc-16">
         <name>.debug_info</name>
         <load_address>0xa872</load_address>
         <run_address>0xa872</run_address>
         <size>0x250</size>
         <input_file_ref idref="fl-d5"/>
      </object_component>
      <object_component id="oc-34">
         <name>.debug_info</name>
         <load_address>0xaac2</load_address>
         <run_address>0xaac2</run_address>
         <size>0x60</size>
         <input_file_ref idref="fl-d5"/>
      </object_component>
      <object_component id="oc-c6">
         <name>.debug_info</name>
         <load_address>0xab22</load_address>
         <run_address>0xab22</run_address>
         <size>0x46</size>
         <input_file_ref idref="fl-d5"/>
      </object_component>
      <object_component id="oc-81">
         <name>.debug_info</name>
         <load_address>0xab68</load_address>
         <run_address>0xab68</run_address>
         <size>0x39</size>
         <input_file_ref idref="fl-d5"/>
      </object_component>
      <object_component id="oc-70">
         <name>.debug_info</name>
         <load_address>0xaba1</load_address>
         <run_address>0xaba1</run_address>
         <size>0x3b2</size>
         <input_file_ref idref="fl-d6"/>
      </object_component>
      <object_component id="oc-25">
         <name>.debug_info</name>
         <load_address>0xaf53</load_address>
         <run_address>0xaf53</run_address>
         <size>0x10c</size>
         <input_file_ref idref="fl-d6"/>
      </object_component>
      <object_component id="oc-383">
         <name>.debug_info</name>
         <load_address>0xb05f</load_address>
         <run_address>0xb05f</run_address>
         <size>0x13f</size>
         <input_file_ref idref="fl-d6"/>
      </object_component>
      <object_component id="oc-2b5">
         <name>.debug_info</name>
         <load_address>0xb19e</load_address>
         <run_address>0xb19e</run_address>
         <size>0x168</size>
         <input_file_ref idref="fl-d6"/>
      </object_component>
      <object_component id="oc-2bc">
         <name>.debug_info</name>
         <load_address>0xb306</load_address>
         <run_address>0xb306</run_address>
         <size>0x18e</size>
         <input_file_ref idref="fl-d6"/>
      </object_component>
      <object_component id="oc-2c2">
         <name>.debug_info</name>
         <load_address>0xb494</load_address>
         <run_address>0xb494</run_address>
         <size>0x19f</size>
         <input_file_ref idref="fl-d6"/>
      </object_component>
      <object_component id="oc-1eb">
         <name>.debug_info</name>
         <load_address>0xb633</load_address>
         <run_address>0xb633</run_address>
         <size>0x203</size>
         <input_file_ref idref="fl-d6"/>
      </object_component>
      <object_component id="oc-3d3">
         <name>.debug_info</name>
         <load_address>0xb836</load_address>
         <run_address>0xb836</run_address>
         <size>0x1db</size>
         <input_file_ref idref="fl-d6"/>
      </object_component>
      <object_component id="oc-1e4">
         <name>.debug_info</name>
         <load_address>0xba11</load_address>
         <run_address>0xba11</run_address>
         <size>0x1a5</size>
         <input_file_ref idref="fl-d6"/>
      </object_component>
      <object_component id="oc-37d">
         <name>.debug_info</name>
         <load_address>0xbbb6</load_address>
         <run_address>0xbbb6</run_address>
         <size>0x299</size>
         <input_file_ref idref="fl-d6"/>
      </object_component>
      <object_component id="oc-bb">
         <name>.debug_info</name>
         <load_address>0xbe4f</load_address>
         <run_address>0xbe4f</run_address>
         <size>0xb2</size>
         <input_file_ref idref="fl-d6"/>
      </object_component>
      <object_component id="oc-b6">
         <name>.debug_info</name>
         <load_address>0xbf01</load_address>
         <run_address>0xbf01</run_address>
         <size>0x2c</size>
         <input_file_ref idref="fl-d6"/>
      </object_component>
      <object_component id="oc-2c8">
         <name>.debug_info</name>
         <load_address>0xbf2d</load_address>
         <run_address>0xbf2d</run_address>
         <size>0x28a</size>
         <input_file_ref idref="fl-d7"/>
      </object_component>
      <object_component id="oc-1f5">
         <name>.debug_info</name>
         <load_address>0xc1b7</load_address>
         <run_address>0xc1b7</run_address>
         <size>0x273</size>
         <input_file_ref idref="fl-d7"/>
      </object_component>
      <object_component id="oc-227">
         <name>.debug_info</name>
         <load_address>0xc42a</load_address>
         <run_address>0xc42a</run_address>
         <size>0x2a4</size>
         <input_file_ref idref="fl-d8"/>
      </object_component>
      <object_component id="oc-132">
         <name>.debug_info</name>
         <load_address>0xc6ce</load_address>
         <run_address>0xc6ce</run_address>
         <size>0x24d</size>
         <input_file_ref idref="fl-d8"/>
      </object_component>
      <object_component id="oc-186">
         <name>.debug_info</name>
         <load_address>0xc91b</load_address>
         <run_address>0xc91b</run_address>
         <size>0x28f</size>
         <input_file_ref idref="fl-d9"/>
      </object_component>
      <object_component id="oc-da">
         <name>.debug_info</name>
         <load_address>0xcbaa</load_address>
         <run_address>0xcbaa</run_address>
         <size>0x245</size>
         <input_file_ref idref="fl-d9"/>
      </object_component>
      <object_component id="oc-28">
         <name>.debug_info</name>
         <load_address>0xcdef</load_address>
         <run_address>0xcdef</run_address>
         <size>0x10b</size>
         <input_file_ref idref="fl-da"/>
      </object_component>
      <object_component id="oc-5d">
         <name>.debug_info</name>
         <load_address>0xcefa</load_address>
         <run_address>0xcefa</run_address>
         <size>0x1a9</size>
         <input_file_ref idref="fl-da"/>
      </object_component>
      <object_component id="oc-2a4">
         <name>.debug_info</name>
         <load_address>0xd0a3</load_address>
         <run_address>0xd0a3</run_address>
         <size>0x590</size>
         <input_file_ref idref="fl-db"/>
      </object_component>
      <object_component id="oc-276">
         <name>.debug_info</name>
         <load_address>0xd633</load_address>
         <run_address>0xd633</run_address>
         <size>0x21e</size>
         <input_file_ref idref="fl-db"/>
      </object_component>
      <object_component id="oc-336">
         <name>.debug_info</name>
         <load_address>0xd851</load_address>
         <run_address>0xd851</run_address>
         <size>0x1b3</size>
         <input_file_ref idref="fl-db"/>
      </object_component>
      <object_component id="oc-33c">
         <name>.debug_info</name>
         <load_address>0xda04</load_address>
         <run_address>0xda04</run_address>
         <size>0x21b</size>
         <input_file_ref idref="fl-db"/>
      </object_component>
      <object_component id="oc-27b">
         <name>.debug_info</name>
         <load_address>0xdc1f</load_address>
         <run_address>0xdc1f</run_address>
         <size>0x3c0</size>
         <input_file_ref idref="fl-db"/>
      </object_component>
      <object_component id="oc-342">
         <name>.debug_info</name>
         <load_address>0xdfdf</load_address>
         <run_address>0xdfdf</run_address>
         <size>0x30a</size>
         <input_file_ref idref="fl-db"/>
      </object_component>
      <object_component id="oc-347">
         <name>.debug_info</name>
         <load_address>0xe2e9</load_address>
         <run_address>0xe2e9</run_address>
         <size>0x215</size>
         <input_file_ref idref="fl-db"/>
      </object_component>
      <object_component id="oc-280">
         <name>.debug_info</name>
         <load_address>0xe4fe</load_address>
         <run_address>0xe4fe</run_address>
         <size>0x215</size>
         <input_file_ref idref="fl-db"/>
      </object_component>
      <object_component id="oc-287">
         <name>.debug_info</name>
         <load_address>0xe713</load_address>
         <run_address>0xe713</run_address>
         <size>0x304</size>
         <input_file_ref idref="fl-db"/>
      </object_component>
      <object_component id="oc-28d">
         <name>.debug_info</name>
         <load_address>0xea17</load_address>
         <run_address>0xea17</run_address>
         <size>0x4b5</size>
         <input_file_ref idref="fl-db"/>
      </object_component>
      <object_component id="oc-1bb">
         <name>.debug_info</name>
         <load_address>0xeecc</load_address>
         <run_address>0xeecc</run_address>
         <size>0x5f4</size>
         <input_file_ref idref="fl-db"/>
      </object_component>
      <object_component id="oc-2a5">
         <name>.debug_info</name>
         <load_address>0xf4c0</load_address>
         <run_address>0xf4c0</run_address>
         <size>0x86</size>
         <input_file_ref idref="fl-db"/>
      </object_component>
      <object_component id="oc-371">
         <name>.debug_info</name>
         <load_address>0xf546</load_address>
         <run_address>0xf546</run_address>
         <size>0x39</size>
         <input_file_ref idref="fl-db"/>
      </object_component>
      <object_component id="oc-3cc">
         <name>.debug_info</name>
         <load_address>0xf57f</load_address>
         <run_address>0xf57f</run_address>
         <size>0xb6</size>
         <input_file_ref idref="fl-db"/>
      </object_component>
      <object_component id="oc-376">
         <name>.debug_info</name>
         <load_address>0xf635</load_address>
         <run_address>0xf635</run_address>
         <size>0x46</size>
         <input_file_ref idref="fl-db"/>
      </object_component>
      <object_component id="oc-2aa">
         <name>.debug_info</name>
         <load_address>0xf67b</load_address>
         <run_address>0xf67b</run_address>
         <size>0x46</size>
         <input_file_ref idref="fl-db"/>
      </object_component>
      <object_component id="oc-3af">
         <name>.debug_info</name>
         <load_address>0xf6c1</load_address>
         <run_address>0xf6c1</run_address>
         <size>0x29a</size>
         <input_file_ref idref="fl-dc"/>
      </object_component>
      <object_component id="oc-351">
         <name>.debug_info</name>
         <load_address>0xf95b</load_address>
         <run_address>0xf95b</run_address>
         <size>0x195</size>
         <input_file_ref idref="fl-dc"/>
      </object_component>
      <object_component id="oc-3e1">
         <name>.debug_info</name>
         <load_address>0xfaf0</load_address>
         <run_address>0xfaf0</run_address>
         <size>0x39</size>
         <input_file_ref idref="fl-dc"/>
      </object_component>
      <object_component id="oc-3b0">
         <name>.debug_info</name>
         <load_address>0xfb29</load_address>
         <run_address>0xfb29</run_address>
         <size>0x2c</size>
         <input_file_ref idref="fl-dc"/>
      </object_component>
      <object_component id="oc-3bc">
         <name>.debug_info</name>
         <load_address>0xfb55</load_address>
         <run_address>0xfb55</run_address>
         <size>0x2fd</size>
         <input_file_ref idref="fl-dd"/>
      </object_component>
      <object_component id="oc-356">
         <name>.debug_info</name>
         <load_address>0xfe52</load_address>
         <run_address>0xfe52</run_address>
         <size>0x225</size>
         <input_file_ref idref="fl-dd"/>
      </object_component>
      <object_component id="oc-3b7">
         <name>.debug_info</name>
         <load_address>0x10077</load_address>
         <run_address>0x10077</run_address>
         <size>0x161</size>
         <input_file_ref idref="fl-de"/>
      </object_component>
      <object_component id="oc-324">
         <name>.debug_info</name>
         <load_address>0x101d8</load_address>
         <run_address>0x101d8</run_address>
         <size>0x134</size>
         <input_file_ref idref="fl-df"/>
      </object_component>
      <object_component id="oc-97">
         <name>.debug_info</name>
         <load_address>0x1030c</load_address>
         <run_address>0x1030c</run_address>
         <size>0x147</size>
         <input_file_ref idref="fl-e0"/>
      </object_component>
      <object_component id="oc-32a">
         <name>.debug_info</name>
         <load_address>0x10453</load_address>
         <run_address>0x10453</run_address>
         <size>0x12e</size>
         <input_file_ref idref="fl-e1"/>
      </object_component>
      <object_component id="oc-237">
         <name>.debug_info</name>
         <load_address>0x10581</load_address>
         <run_address>0x10581</run_address>
         <size>0x4b3</size>
         <input_file_ref idref="fl-e2"/>
      </object_component>
      <object_component id="oc-14e">
         <name>.debug_info</name>
         <load_address>0x10a34</load_address>
         <run_address>0x10a34</run_address>
         <size>0x1a6</size>
         <input_file_ref idref="fl-e2"/>
      </object_component>
      <object_component id="oc-301">
         <name>.debug_info</name>
         <load_address>0x10bda</load_address>
         <run_address>0x10bda</run_address>
         <size>0x39</size>
         <input_file_ref idref="fl-e2"/>
      </object_component>
      <object_component id="oc-390">
         <name>.debug_info</name>
         <load_address>0x10c13</load_address>
         <run_address>0x10c13</run_address>
         <size>0x39</size>
         <input_file_ref idref="fl-e2"/>
      </object_component>
      <object_component id="oc-306">
         <name>.debug_info</name>
         <load_address>0x10c4c</load_address>
         <run_address>0x10c4c</run_address>
         <size>0x39</size>
         <input_file_ref idref="fl-e2"/>
      </object_component>
      <object_component id="oc-30b">
         <name>.debug_info</name>
         <load_address>0x10c85</load_address>
         <run_address>0x10c85</run_address>
         <size>0xcd</size>
         <input_file_ref idref="fl-e2"/>
      </object_component>
      <object_component id="oc-9f">
         <name>.debug_info</name>
         <load_address>0x10d52</load_address>
         <run_address>0x10d52</run_address>
         <size>0x153</size>
         <input_file_ref idref="fl-e3"/>
      </object_component>
      <object_component id="oc-143">
         <name>.debug_info</name>
         <load_address>0x10ea5</load_address>
         <run_address>0x10ea5</run_address>
         <size>0x122</size>
         <input_file_ref idref="fl-e5"/>
      </object_component>
      <object_component id="oc-2fb">
         <name>.debug_info</name>
         <load_address>0x10fc7</load_address>
         <run_address>0x10fc7</run_address>
         <size>0x2c9</size>
         <input_file_ref idref="fl-e6"/>
      </object_component>
      <object_component id="oc-231">
         <name>.debug_info</name>
         <load_address>0x11290</load_address>
         <run_address>0x11290</run_address>
         <size>0x11e</size>
         <input_file_ref idref="fl-e6"/>
      </object_component>
      <object_component id="oc-2f7">
         <name>.debug_info</name>
         <load_address>0x113ae</load_address>
         <run_address>0x113ae</run_address>
         <size>0x12e</size>
         <input_file_ref idref="fl-e6"/>
      </object_component>
      <object_component id="oc-3a9">
         <name>.debug_info</name>
         <load_address>0x114dc</load_address>
         <run_address>0x114dc</run_address>
         <size>0x29c</size>
         <input_file_ref idref="fl-e7"/>
      </object_component>
      <object_component id="oc-32f">
         <name>.debug_info</name>
         <load_address>0x11778</load_address>
         <run_address>0x11778</run_address>
         <size>0x1da</size>
         <input_file_ref idref="fl-e7"/>
      </object_component>
      <object_component id="oc-321">
         <name>.debug_info</name>
         <load_address>0x11952</load_address>
         <run_address>0x11952</run_address>
         <size>0x2b9</size>
         <input_file_ref idref="fl-e9"/>
      </object_component>
      <object_component id="oc-271">
         <name>.debug_info</name>
         <load_address>0x11c0b</load_address>
         <run_address>0x11c0b</run_address>
         <size>0x17c</size>
         <input_file_ref idref="fl-e9"/>
      </object_component>
      <object_component id="oc-39e">
         <name>.debug_info</name>
         <load_address>0x11d87</load_address>
         <run_address>0x11d87</run_address>
         <size>0xf9</size>
         <input_file_ref idref="fl-ea"/>
      </object_component>
      <object_component id="oc-31e">
         <name>.debug_info</name>
         <load_address>0x11e80</load_address>
         <run_address>0x11e80</run_address>
         <size>0x105</size>
         <input_file_ref idref="fl-ea"/>
      </object_component>
      <object_component id="oc-362">
         <name>.debug_info</name>
         <load_address>0x11f85</load_address>
         <run_address>0x11f85</run_address>
         <size>0x2a7</size>
         <input_file_ref idref="fl-eb"/>
      </object_component>
      <object_component id="oc-294">
         <name>.debug_info</name>
         <load_address>0x1222c</load_address>
         <run_address>0x1222c</run_address>
         <size>0x1b8</size>
         <input_file_ref idref="fl-eb"/>
      </object_component>
      <object_component id="oc-3be">
         <name>.debug_info</name>
         <load_address>0x123e4</load_address>
         <run_address>0x123e4</run_address>
         <size>0x29a</size>
         <input_file_ref idref="fl-ec"/>
      </object_component>
      <object_component id="oc-35b">
         <name>.debug_info</name>
         <load_address>0x1267e</load_address>
         <run_address>0x1267e</run_address>
         <size>0x262</size>
         <input_file_ref idref="fl-ec"/>
      </object_component>
      <object_component id="oc-36e">
         <name>.debug_info</name>
         <load_address>0x128e0</load_address>
         <run_address>0x128e0</run_address>
         <size>0x289</size>
         <input_file_ref idref="fl-ed"/>
      </object_component>
      <object_component id="oc-36b">
         <name>.debug_info</name>
         <load_address>0x12b69</load_address>
         <run_address>0x12b69</run_address>
         <size>0x10e</size>
         <input_file_ref idref="fl-ed"/>
      </object_component>
      <object_component id="oc-2a1">
         <name>.debug_info</name>
         <load_address>0x12c77</load_address>
         <run_address>0x12c77</run_address>
         <size>0x14e</size>
         <input_file_ref idref="fl-ed"/>
      </object_component>
      <object_component id="oc-369">
         <name>.debug_info</name>
         <load_address>0x12dc5</load_address>
         <run_address>0x12dc5</run_address>
         <size>0x28f</size>
         <input_file_ref idref="fl-ee"/>
      </object_component>
      <object_component id="oc-29b">
         <name>.debug_info</name>
         <load_address>0x13054</load_address>
         <run_address>0x13054</run_address>
         <size>0x15a</size>
         <input_file_ref idref="fl-ee"/>
      </object_component>
      <object_component id="oc-3c1">
         <name>.debug_info</name>
         <load_address>0x131ae</load_address>
         <run_address>0x131ae</run_address>
         <size>0x46</size>
         <input_file_ref idref="fl-ee"/>
      </object_component>
      <object_component id="oc-364">
         <name>.debug_info</name>
         <load_address>0x131f4</load_address>
         <run_address>0x131f4</run_address>
         <size>0x39</size>
         <input_file_ref idref="fl-ee"/>
      </object_component>
[...]
      </symbol>
      <symbol id="sm-1ef">
         <name>LCal_B</name>
         <value>0x20002ec8</value>
         <object_component_ref idref="oc-21d"/>
      </symbol>
      <symbol id="sm-1f0">
         <name>RCal_B</name>
         <value>0x20002ecc</value>
         <object_component_ref idref="oc-21d"/>
      </symbol>
      <symbol id="sm-1f1">
         <name>RCal_EZ</name>
         <value>0x20002ebc</value>
         <object_component_ref idref="oc-21d"/>
      </symbol>
      <symbol id="sm-1f2">
         <name>turn_right</name>
         <value>0x1c35</value>
         <object_component_ref idref="oc-12b"/>
      </symbol>
      <symbol id="sm-1f3">
         <name>turn_left</name>
         <value>0x1d05</value>
         <object_component_ref idref="oc-12b"/>
      </symbol>
      <symbol id="sm-1f4">
         <name>FLCal_EZ</name>
         <value>0x20002eb0</value>
         <object_component_ref idref="oc-21d"/>
      </symbol>
      <symbol id="sm-1f5">
         <name>FRCal_EZ</name>
         <value>0x20002eb4</value>
         <object_component_ref idref="oc-21d"/>
      </symbol>
      <symbol id="sm-1f6">
         <name>move_back</name>
         <value>0x1b91</value>
         <object_component_ref idref="oc-12b"/>
      </symbol>
      <symbol id="sm-1f7">
         <name>FLCal_B</name>
         <value>0x20002ec0</value>
         <object_component_ref idref="oc-21d"/>
      </symbol>
      <symbol id="sm-2c4">
         <name>go_charge</name>
         <value>0x97f</value>
         <object_component_ref idref="oc-11f"/>
      </symbol>
      <symbol id="sm-2c5">
         <name>GPIOF_Handler</name>
         <value>0xbb7</value>
         <object_component_ref idref="oc-11f"/>
      </symbol>
      <symbol id="sm-2c6">
         <name>oi_free</name>
         <value>0x279</value>
         <object_component_ref idref="oc-11f"/>
      </symbol>
      <symbol id="sm-2c7">
         <name>oi_getMotorCalibrationRight</name>
         <value>0xdf1</value>
         <object_component_ref idref="oc-11f"/>
      </symbol>
      <symbol id="sm-2c8">
         <name>oi_uartReceive</name>
         <value>0xa25</value>
         <object_component_ref idref="oc-11f"/>
      </symbol>
      <symbol id="sm-2c9">
         <name>oi_setWheels</name>
         <value>0x88f</value>
         <object_component_ref idref="oc-11f"/>
      </symbol>
      <symbol id="sm-2ca">
         <name>oi_shutoff_init</name>
         <value>0xb45</value>
         <object_component_ref idref="oc-11f"/>
      </symbol>
      <symbol id="sm-2cb">
         <name>motor_cal_factor_L</name>
         <value>0x20002ed0</value>
         <object_component_ref idref="oc-1fa"/>
      </symbol>
      <symbol id="sm-2cc">
         <name>motor_cal_factor_R</name>
         <value>0x20002ed4</value>
         <object_component_ref idref="oc-1fa"/>
      </symbol>
      <symbol id="sm-2cd">
         <name>oi_parseInt</name>
         <value>0x4727</value>
         <object_component_ref idref="oc-1ed"/>
      </symbol>
      <symbol id="sm-2ce">
         <name>oi_setMotorCalibration</name>
         <value>0xda5</value>
         <object_component_ref idref="oc-11f"/>
      </symbol>
      <symbol id="sm-2cf">
         <name>oi_uartSendStr</name>
         <value>0xa4d</value>
         <object_component_ref idref="oc-11f"/>
      </symbol>
      <symbol id="sm-2d0">
         <name>oi_close</name>
         <value>0x2c7</value>
         <object_component_ref idref="oc-11f"/>
      </symbol>
      <symbol id="sm-2d1">
         <name>oi_uartSendBuff</name>
         <value>0xa6b</value>
         <object_component_ref idref="oc-11f"/>
      </symbol>
      <symbol id="sm-2d2">
         <name>oi_checkFirmware</name>
         <value>0xa9d</value>
         <object_component_ref idref="oc-11f"/>
      </symbol>
      <symbol id="sm-2d3">
         <name>oi_init_noupdate</name>
         <value>0x289</value>
         <object_component_ref idref="oc-11f"/>
      </symbol>
      <symbol id="sm-2d4">
         <name>oi_uartSendChar</name>
         <value>0xa09</value>
         <object_component_ref idref="oc-11f"/>
      </symbol>
      <symbol id="sm-2d5">
         <name>oi_alloc</name>
         <value>0x26d</value>
         <object_component_ref idref="oc-11f"/>
      </symbol>
      <symbol id="sm-2d6">
         <name>oi_getMotorCalibrationLeft</name>
         <value>0xde1</value>
         <object_component_ref idref="oc-11f"/>
      </symbol>
      <symbol id="sm-2d7">
         <name>oi_loadSong</name>
         <value>0x915</value>
         <object_component_ref idref="oc-11f"/>
      </symbol>
      <symbol id="sm-2d8">
         <name>oi_play_song</name>
         <value>0x96b</value>
         <object_component_ref idref="oc-11f"/>
      </symbol>
      <symbol id="sm-2d9">
         <name>oi_parsePacket</name>
         <value>0x32b</value>
         <object_component_ref idref="oc-11f"/>
      </symbol>
      <symbol id="sm-2da">
         <name>oi_setLeds</name>
         <value>0x84b</value>
         <object_component_ref idref="oc-11f"/>
      </symbol>
      <symbol id="sm-2db">
         <name>oi_init</name>
         <value>0x2b1</value>
         <object_component_ref idref="oc-11f"/>
      </symbol>
      <symbol id="sm-2dc">
         <name>oi_update</name>
         <value>0x2d9</value>
         <object_component_ref idref="oc-11f"/>
      </symbol>
      <symbol id="sm-2dd">
         <name>oi_uartInit</name>
         <value>0x981</value>
         <object_component_ref idref="oc-11f"/>
      </symbol>
      <symbol id="sm-31f">
         <name>END_TIME</name>
         <value>0x20002f28</value>
         <object_component_ref idref="oc-1b5"/>
      </symbol>
      <symbol id="sm-320">
         <name>START_TIME</name>
         <value>0x20002f24</value>
         <object_component_ref idref="oc-1b5"/>
      </symbol>
      <symbol id="sm-321">
         <name>STATE</name>
         <value>0x20002f2c</value>
         <object_component_ref idref="oc-1b5"/>
      </symbol>
      <symbol id="sm-322">
         <name>TIMER3B_Handler</name>
         <value>0x27a3</value>
         <object_component_ref idref="oc-f4"/>
      </symbol>
      <symbol id="sm-323">
         <name>ping_init</name>
         <value>0x2651</value>
         <object_component_ref idref="oc-f4"/>
      </symbol>
      <symbol id="sm-324">
         <name>ping_getDistance</name>
         <value>0x27e3</value>
         <object_component_ref idref="oc-f4"/>
      </symbol>
      <symbol id="sm-325">
         <name>ping_trigger</name>
         <value>0x2725</value>
         <object_component_ref idref="oc-f4"/>
      </symbol>
      <symbol id="sm-341">
         <name>ResetISR</name>
         <value>0x47ed</value>
         <object_component_ref idref="oc-2a"/>
      </symbol>
      <symbol id="sm-342">
         <name>g_pfnVectors</name>
         <value>0x0</value>
         <object_component_ref idref="oc-12"/>
      </symbol>
      <symbol id="sm-379">
         <name>UART1_Handler</name>
         <value>0x30ad</value>
         <object_component_ref idref="oc-dc"/>
      </symbol>
      <symbol id="sm-37a">
         <name>command_byte</name>
         <value>0x20002f40</value>
         <object_component_ref idref="oc-193"/>
      </symbol>
      <symbol id="sm-37b">
         <name>uart_sendChar</name>
         <value>0x304d</value>
         <object_component_ref idref="oc-dc"/>
      </symbol>
      <symbol id="sm-37c">
         <name>uart_interrupt_init</name>
         <value>0x2f8d</value>
         <object_component_ref idref="oc-dc"/>
      </symbol>
      <symbol id="sm-37d">
         <name>command_flag</name>
         <value>0x20002f44</value>
         <object_component_ref idref="oc-193"/>
      </symbol>
      <symbol id="sm-37e">
         <name>uart_receive</name>
         <value>0x3069</value>
         <object_component_ref idref="oc-dc"/>
      </symbol>
      <symbol id="sm-37f">
         <name>uart_sendStr</name>
         <value>0x308f</value>
         <object_component_ref idref="oc-dc"/>
      </symbol>
      <symbol id="sm-3a6">
         <name>sprintf</name>
         <value>0x4465</value>
         <object_component_ref idref="oc-ff"/>
      </symbol>
      <symbol id="sm-3d0">
         <name>vsnprintf</name>
         <value>0x44a5</value>
         <object_component_ref idref="oc-20a"/>
      </symbol>
      <symbol id="sm-3e7">
         <name>__aeabi_dsub</name>
         <value>0x3151</value>
         <object_component_ref idref="oc-1a2"/>
      </symbol>
      <symbol id="sm-3e8">
         <name>__aeabi_dadd</name>
         <value>0x315b</value>
         <object_component_ref idref="oc-1a2"/>
      </symbol>
      <symbol id="sm-40a">
         <name>__aeabi_cdcmpeq</name>
         <value>0x3ef1</value>
         <object_component_ref idref="oc-215"/>
      </symbol>
      <symbol id="sm-40b">
         <name>__aeabi_cdcmple</name>
         <value>0x3ef1</value>
         <object_component_ref idref="oc-215"/>
      </symbol>
      <symbol id="sm-40c">
         <name>__aeabi_cdrcmple</name>
         <value>0x3f77</value>
         <object_component_ref idref="oc-220"/>
      </symbol>
      <symbol id="sm-420">
         <name>__aeabi_ddiv</name>
         <value>0x359d</value>
         <object_component_ref idref="oc-10f"/>
      </symbol>
      <symbol id="sm-42b">
         <name>__aeabi_dmul</name>
         <value>0x3b2d</value>
         <object_component_ref idref="oc-105"/>
      </symbol>
      <symbol id="sm-437">
         <name>__aeabi_d2f</name>
         <value>0x4157</value>
         <object_component_ref idref="oc-1a7"/>
      </symbol>
      <symbol id="sm-442">
         <name>__aeabi_f2d</name>
         <value>0x455d</value>
         <object_component_ref idref="oc-fa"/>
      </symbol>
      <symbol id="sm-44c">
         <name>__aeabi_i2d</name>
         <value>0x462d</value>
         <object_component_ref idref="oc-10a"/>
      </symbol>
      <symbol id="sm-467">
         <name>memcpy</name>
         <value>0x3dbf</value>
         <object_component_ref idref="oc-3e"/>
      </symbol>
      <symbol id="sm-468">
         <name>__aeabi_memcpy</name>
         <value>0x3dbf</value>
         <object_component_ref idref="oc-3e"/>
      </symbol>
      <symbol id="sm-469">
         <name>__aeabi_memcpy8</name>
         <value>0x3dbf</value>
         <object_component_ref idref="oc-3e"/>
      </symbol>
      <symbol id="sm-46a">
         <name>__aeabi_memcpy4</name>
         <value>0x3dbf</value>
         <object_component_ref idref="oc-3e"/>
      </symbol>
      <symbol id="sm-474">
         <name>__aeabi_ui2d</name>
         <value>0x4685</value>
         <object_component_ref idref="oc-19d"/>
      </symbol>
      <symbol id="sm-48b">
         <name>__TI_zero_init</name>
         <value>0x47e1</value>
         <object_component_ref idref="oc-50"/>
      </symbol>
      <symbol id="sm-4a2">
         <name>__TI_decompress_none</name>
         <value>0x47c7</value>
         <object_component_ref idref="oc-1b"/>
      </symbol>
      <symbol id="sm-4c5">
         <name>__TI_decompress_lzss</name>
         <value>0x41c5</value>
         <object_component_ref idref="oc-15"/>
      </symbol>
      <symbol id="sm-55a">
         <name>_sys_memory</name>
         <value>0x20001270</value>
         <object_component_ref idref="oc-24"/>
      </symbol>
      <symbol id="sm-55b">
         <name>free</name>
         <value>0x3c29</value>
         <object_component_ref idref="oc-1e7"/>
      </symbol>
      <symbol id="sm-55c">
         <name>memalign</name>
         <value>0x3a2d</value>
         <object_component_ref idref="oc-37b"/>
      </symbol>
      <symbol id="sm-55d">
         <name>calloc</name>
         <value>0x4525</value>
         <object_component_ref idref="oc-1e1"/>
      </symbol>
      <symbol id="sm-55e">
         <name>malloc</name>
         <value>0x480d</value>
         <object_component_ref idref="oc-2b3"/>
      </symbol>
      <symbol id="sm-55f">
         <name>aligned_alloc</name>
         <value>0x3a2d</value>
         <object_component_ref idref="oc-37b"/>
      </symbol>
      <symbol id="sm-56e">
         <name>strcmp</name>
         <value>0x473f</value>
         <object_component_ref idref="oc-1f4"/>
      </symbol>
      <symbol id="sm-57c">
         <name>strcpy</name>
         <value>0x476d</value>
         <object_component_ref idref="oc-131"/>
      </symbol>
      <symbol id="sm-58a">
         <name>strlen</name>
         <value>0x4781</value>
         <object_component_ref idref="oc-d6"/>
      </symbol>
      <symbol id="sm-59d">
         <name>__stack</name>
         <value>0x20000270</value>
         <object_component_ref idref="oc-27"/>
      </symbol>
      <symbol id="sm-59e">
         <name>_c_int00_noargs</name>
         <value>0x45c9</value>
         <object_component_ref idref="oc-5c"/>
      </symbol>
      <symbol id="sm-703">
         <name>__TI_printfi</name>
         <value>0xe81</value>
         <object_component_ref idref="oc-1ba"/>
      </symbol>
      <symbol id="sm-723">
         <name>frexpl</name>
         <value>0x422d</value>
         <object_component_ref idref="oc-34e"/>
      </symbol>
      <symbol id="sm-724">
         <name>frexp</name>
         <value>0x422d</value>
         <object_component_ref idref="oc-34e"/>
      </symbol>
      <symbol id="sm-741">
         <name>scalbn</name>
         <value>0x391d</value>
         <object_component_ref idref="oc-354"/>
      </symbol>
      <symbol id="sm-742">
         <name>scalbnl</name>
         <value>0x391d</value>
         <object_component_ref idref="oc-354"/>
      </symbol>
      <symbol id="sm-743">
         <name>ldexpl</name>
         <value>0x391d</value>
         <object_component_ref idref="oc-354"/>
      </symbol>
      <symbol id="sm-744">
         <name>ldexp</name>
         <value>0x391d</value>
         <object_component_ref idref="oc-354"/>
      </symbol>
      <symbol id="sm-74e">
         <name>copysign</name>
         <value>0x46dd</value>
         <object_component_ref idref="oc-3b5"/>
      </symbol>
      <symbol id="sm-74f">
         <name>copysignl</name>
         <value>0x46dd</value>
         <object_component_ref idref="oc-3b5"/>
      </symbol>
      <symbol id="sm-75c">
         <name>__aeabi_uldivmod</name>
         <value>0x3e5b</value>
         <object_component_ref idref="oc-322"/>
      </symbol>
      <symbol id="sm-76b">
         <name>__aeabi_memset</name>
         <value>0x3fff</value>
         <object_component_ref idref="oc-96"/>
      </symbol>
      <symbol id="sm-76c">
         <name>memset</name>
         <value>0x4005</value>
         <object_component_ref idref="oc-96"/>
      </symbol>
      <symbol id="sm-76d">
         <name>__aeabi_memset8</name>
         <value>0x3fff</value>
         <object_component_ref idref="oc-96"/>
      </symbol>
      <symbol id="sm-76e">
         <name>__aeabi_memset4</name>
         <value>0x3fff</value>
         <object_component_ref idref="oc-96"/>
      </symbol>
      <symbol id="sm-76f">
         <name>__aeabi_memclr8</name>
         <value>0x3ffd</value>
         <object_component_ref idref="oc-96"/>
      </symbol>
      <symbol id="sm-770">
         <name>__aeabi_memclr4</name>
         <value>0x3ffd</value>
         <object_component_ref idref="oc-96"/>
      </symbol>
      <symbol id="sm-771">
         <name>__aeabi_memclr</name>
         <value>0x3ffd</value>
         <object_component_ref idref="oc-96"/>
      </symbol>
      <symbol id="sm-77b">
         <name>__aeabi_d2iz</name>
         <value>0x43d9</value>
         <object_component_ref idref="oc-328"/>
      </symbol>
      <symbol id="sm-7a3">
         <name>__TI_auto_init_nobinit_nopinit</name>
         <value>0x4421</value>
         <object_component_ref idref="oc-14c"/>
      </symbol>
      <symbol id="sm-7ad">
         <name>_system_pre_init</name>
         <value>0x4815</value>
         <object_component_ref idref="oc-9c"/>
      </symbol>
      <symbol id="sm-7b9">
         <name>C$$EXIT</name>
         <value>0x4819</value>
         <object_component_ref idref="oc-140"/>
      </symbol>
      <symbol id="sm-7ba">
         <name>abort</name>
         <value>0x4819</value>
         <object_component_ref idref="oc-140"/>
      </symbol>
      <symbol id="sm-7cf">
         <name>_nop</name>
         <value>0x18cf</value>
         <object_component_ref idref="oc-2f3"/>
      </symbol>
      <symbol id="sm-7d0">
         <name>_lock</name>
         <value>0x20002f30</value>
         <object_component_ref idref="oc-230"/>
      </symbol>
      <symbol id="sm-7d1">
         <name>_unlock</name>
         <value>0x20002f34</value>
         <object_component_ref idref="oc-230"/>
      </symbol>
      <symbol id="sm-7e0">
         <name>__TI_ltoa</name>
         <value>0x42e7</value>
         <object_component_ref idref="oc-32d"/>
      </symbol>
      <symbol id="sm-7f7">
         <name>atoi</name>
         <value>0x438d</value>
         <object_component_ref idref="oc-26d"/>
      </symbol>
      <symbol id="sm-802">
         <name>_ctypes_</name>
         <value>0x481c</value>
         <object_component_ref idref="oc-31d"/>
      </symbol>
      <symbol id="sm-812">
         <name>memccpy</name>
         <value>0x46c1</value>
         <object_component_ref idref="oc-291"/>
      </symbol>
      <symbol id="sm-822">
         <name>strchr</name>
         <value>0x4757</value>
         <object_component_ref idref="oc-35a"/>
      </symbol>
      <symbol id="sm-838">
         <name>__aeabi_errno_addr</name>
         <value>0x4805</value>
         <object_component_ref idref="oc-29d"/>
      </symbol>
      <symbol id="sm-839">
         <name>errno</name>
         <value>0x20002f48</value>
         <object_component_ref idref="oc-36a"/>
      </symbol>
      <symbol id="sm-852">
         <name>wcslen</name>
         <value>0x4795</value>
         <object_component_ref idref="oc-297"/>
      </symbol>
      <symbol id="sm-85c">
         <name>__aeabi_idiv0</name>
         <value>0x3307</value>
         <object_component_ref idref="oc-3a1"/>
      </symbol>
      <symbol id="sm-85d">
         <name>__aeabi_ldiv0</name>
         <value>0x3307</value>
         <object_component_ref idref="oc-3a1"/>
      </symbol>
      <symbol id="sm-882">
         <name>IntRegister</name>
         <value>0x4595</value>
         <object_component_ref idref="oc-187"/>
      </symbol>
      <symbol id="sm-883">
         <name>g_pfnRAMVectors</name>
         <value>0x20000000</value>
         <object_component_ref idref="oc-24e"/>
      </symbol>
      <symbol id="sm-884">
         <name>IntMasterEnable</name>
         <value>0x47a7</value>
         <object_component_ref idref="oc-18d"/>
      </symbol>
      <symbol id="sm-88e">
         <name>CPUcpsie</name>
         <value>0x47d5</value>
         <object_component_ref idref="oc-258"/>
      </symbol>
      <symbol id="sm-88f">
         <name>__TI_static_base__</name>
         <value>0x0</value>
      </symbol>
      <symbol id="sm-892">
         <name>__mpu_init</name>
         <value>0x0</value>
      </symbol>
      <symbol id="sm-893">
         <name>_system_post_cinit</name>
         <value>0x0</value>
      </symbol>
   </symbol_table>
   <title>Link successful</title>
</link_info>
