******************************************************************************
                  TI ARM Linker PC v20.2.4                     
******************************************************************************
>> Linked Thu Apr  7 14:01:32 2022

OUTPUT FILE NAME:   <Lab 10.out>
ENTRY POINT SYMBOL: "_c_int00_noargs"  address: 000026f5


MEMORY CONFIGURATION

         name            origin    length      used     unused   attr    fill
----------------------  --------  ---------  --------  --------  ----  --------
  FLASH                 00000000   00040000  00002a19  0003d5e7  R  X
  SRAM                  20000000   00008000  000022c9  00005d37  RW X


SEGMENT ALLOCATION MAP

run origin  load origin   length   init length attrs members
----------  ----------- ---------- ----------- ----- -------
00000000    00000000    00002a20   00002a20    r-x
  00000000    00000000    0000026c   0000026c    r-- .intvecs
  0000026c    0000026c    00002664   00002664    r-x .text
  000028d0    000028d0    00000109   00000109    r-- .const
  000029e0    000029e0    00000040   00000040    r-- .cinit
20000000    20000000    000022cd   00000000    rw-
  20000000    20000000    0000026c   00000000    rw- .vtable
  20000270    20000270    00001000   00000000    rw- .stack
  20001270    20001270    00001000   00000000    rw- .sysmem
  20002270    20002270    00000058   00000000    rw- .bss
  200022c8    200022c8    00000005   00000000    rw- .data


SECTION ALLOCATION MAP

 output                                  attributes/
section   page    origin      length       input sections
--------  ----  ----------  ----------   ----------------
.intvecs   0    00000000    0000026c     
                  00000000    0000026c     tm4c123gh6pm_startup_ccs.obj (.intvecs)

.text      0    0000026c    00002664     
                  0000026c    00000a4e     rtsv7M4_T_le_v4SPD16_eabi.lib : _printfi.c.obj (.text:__TI_printfi)
                  00000cba    00000002                                   : div0.asm.obj (.text)
                  00000cbc    00000328     lcd.obj (.text)
                  00000fe4    00000270     rtsv7M4_T_le_v4SPD16_eabi.lib : _printfi.c.obj (.text:_pconv_a)
                  00001254    00000248     Timer.obj (.text)
                  0000149c    000001d0     rtsv7M4_T_le_v4SPD16_eabi.lib : _printfi.c.obj (.text:_pconv_g)
                  0000166c    000001b6                                   : fd_add_t2.asm.obj (.text)
                  00001822    00000002     --HOLE-- [fill = 0]
                  00001824    00000158     Servo.obj (.text)
                  0000197c    0000013c     rtsv7M4_T_le_v4SPD16_eabi.lib : _printfi.c.obj (.text:_pconv_e)
                  00001ab8    00000136                                   : fd_div_t2.asm.obj (.text)
                  00001bee    00000002     --HOLE-- [fill = 0]
                  00001bf0    00000124                                   : _printfi.c.obj (.text:fcvt)
                  00001d14    00000110                                   : s_scalbn.c.obj (.text:scalbn)
                  00001e24    000000fc                                   : fd_mul_t2.asm.obj (.text)
                  00001f20    000000b1                                   : _printfi.c.obj (.text:_ltostr)
                  00001fd1    00000001     --HOLE-- [fill = 0]
                  00001fd2    0000009c                                   : memcpy_t2.asm.obj (.text)
                  0000206e    00000096                                   : ull_div_t2.asm.obj (.text)
                  00002104    00000086                                   : fd_cmp_t2.asm.obj (.text:__aeabi_cdcmple)
                  0000218a    00000086                                   : fd_cmp_t2.asm.obj (.text:__aeabi_cdrcmple)
                  00002210    0000007a                                   : memset_t2.asm.obj (.text)
                  0000228a    0000006e                                   : _printfi.c.obj (.text:_mcpy)
                  000022f8    0000006e                                   : fd_tos_t2.asm.obj (.text)
                  00002366    00000068                                   : copy_decompress_lzss.c.obj (.text:decompress:lzss:__TI_decompress_lzss)
                  000023ce    00000002     --HOLE-- [fill = 0]
                  000023d0    00000064                                   : s_frexp.c.obj (.text:frexp)
                  00002434    00000056                                   : _printfi.c.obj (.text:_pconv_f)
                  0000248a    00000054                                   : _ltoa.c.obj (.text:__TI_ltoa)
                  000024de    00000052                                   : _printfi.c.obj (.text:_ecpy)
                  00002530    0000004c                                   : atoi.c.obj (.text:atoi)
                  0000257c    00000048                                   : fd_toi_t2.asm.obj (.text)
                  000025c4    00000044                                   : autoinit.c.obj (.text:__TI_auto_init_nobinit_nopinit:__TI_auto_init_nobinit_nopinit)
                  00002608    00000040                                   : vsnprintf.c.obj (.text:vsnprintf)
                  00002648    0000003e                                   : _printfi.c.obj (.text:_fcpy)
                  00002686    00000038                                   : fs_tod_t2.asm.obj (.text)
                  000026be    00000002     --HOLE-- [fill = 0]
                  000026c0    00000034     driverlib.lib : interrupt.obj (.text:IntRegister)
                  000026f4    00000034     rtsv7M4_T_le_v4SPD16_eabi.lib : boot_cortex_m.c.obj (.text:_c_int00_noargs:_c_int00_noargs)
                  00002728    00000030                                   : vsnprintf.c.obj (.text:_outs)
                  00002758    0000002e                                   : i_tofd_t2.asm.obj (.text)
                  00002786    00000020                                   : u_tofd_t2.asm.obj (.text)
                  000027a6    0000001e     main.obj (.text)
                  000027c4    0000001c     rtsv7M4_T_le_v4SPD16_eabi.lib : copy_zero_init.c.obj (.text:decompress:ZI:__TI_zero_init_nomemset:__TI_zero_init_nomemset)
                  000027e0    0000001c                                   : memccpy.c.obj (.text:memccpy)
                  000027fc    0000001a                                   : s_copysign.c.obj (.text:copysign)
                  00002816    00000018                                   : vsnprintf.c.obj (.text:_outc)
                  0000282e    00000018                                   : strcmp.c.obj (.text:strcmp)
                  00002846    00000016                                   : strchr.c.obj (.text:strchr)
                  0000285c    00000014                                   : strcpy.c.obj (.text:strcpy)
                  00002870    00000014                                   : strlen.c.obj (.text:strlen)
                  00002884    00000012                                   : wcslen.c.obj (.text:wcslen)
                  00002896    00000010     lcd.obj (.text:lcd_clear)
                  000028a6    0000000e     rtsv7M4_T_le_v4SPD16_eabi.lib : copy_decompress_none.c.obj (.text:decompress:none:__TI_decompress_none)
                  000028b4    0000000c     tm4c123gh6pm_startup_ccs.obj (.text)
                  000028c0    00000008     rtsv7M4_T_le_v4SPD16_eabi.lib : errno.c.obj (.text:__aeabi_errno_addr)
                  000028c8    00000004                                   : pre_init.c.obj (.text:_system_pre_init)
                  000028cc    00000004                                   : exit.c.obj (.text:abort:abort)

.const     0    000028d0    00000109     
                  000028d0    00000101     rtsv7M4_T_le_v4SPD16_eabi.lib : ctype.c.obj (.const:.string:_ctypes_)
                  000029d1    00000004     lcd.obj (.const:.string:lineAddress$1)
                  000029d5    00000004     lcd.obj (.const:.string:lineAddresses$2)

.cinit     0    000029e0    00000040     
                  000029e0    0000000c     (__TI_handler_table)
                  000029ec    00000004     --HOLE-- [fill = 0]
                  000029f0    00000008     (.cinit..bss.load) [load image, compression = zero_init]
                  000029f8    00000008     (.cinit..vtable.load) [load image, compression = zero_init]
                  00002a00    00000007     (.cinit..data.load) [load image, compression = lzss]
                  00002a07    00000001     --HOLE-- [fill = 0]
                  00002a08    00000018     (__TI_cinit_table)

.init_array 
*          0    00000000    00000000     UNINITIALIZED

.vtable    0    20000000    0000026c     UNINITIALIZED
                  20000000    0000026c     driverlib.lib : interrupt.obj (.vtable)

.stack     0    20000270    00001000     UNINITIALIZED
                  20000270    00000004     rtsv7M4_T_le_v4SPD16_eabi.lib : boot_cortex_m.c.obj (.stack)
                  20000274    00000ffc     --HOLE--

.sysmem    0    20001270    00001000     UNINITIALIZED
                  20001270    00000010     rtsv7M4_T_le_v4SPD16_eabi.lib : memory.c.obj (.sysmem)
                  20001280    00000ff0     --HOLE--

.bss       0    20002270    00000058     UNINITIALIZED
                  20002270    00000054     lcd.obj (.bss:lastbuffer$3)
                  200022c4    00000004     (.common:_timeout_ticks)

.data      0    200022c8    00000005     UNINITIALIZED
                  200022c8    00000004     rtsv7M4_T_le_v4SPD16_eabi.lib : errno.c.obj (.data)
                  200022cc    00000001     Timer.obj (.data)

__llvm_prf_cnts 
*          0    20000000    00000000     UNINITIALIZED

MODULE SUMMARY

       Module                         code   ro data   rw data
       ------                         ----   -------   -------
    .\
       lcd.obj                        824    8         84     
       tm4c123gh6pm_startup_ccs.obj   12     620       0      
       Timer.obj                      584    0         5      
       Servo.obj                      344    0         0      
       main.obj                       30     0         0      
    +--+------------------------------+------+---------+---------+
       Total:                         1794   628       89     
                                                              
    C:/ti/TivaWare_C_Series-2.1.4.178/driverlib/ccs/Debug/driverlib.lib
       interrupt.obj                  52     0         620    
    +--+------------------------------+------+---------+---------+
       Total:                         52     0         620    
                                                              
    C:\ti\ccs1031\ccs\tools\compiler\ti-cgt-arm_20.2.4.LTS\lib\rtsv7M4_T_le_v4SPD16_eabi.lib
       _printfi.c.obj                 4851   0         0      
       fd_add_t2.asm.obj              438    0         0      
       fd_div_t2.asm.obj              310    0         0      
       s_scalbn.c.obj                 272    0         0      
       fd_cmp_t2.asm.obj              268    0         0      
       ctype.c.obj                    0      257       0      
       fd_mul_t2.asm.obj              252    0         0      
       memcpy_t2.asm.obj              156    0         0      
       ull_div_t2.asm.obj             150    0         0      
       vsnprintf.c.obj                136    0         0      
       memset_t2.asm.obj              122    0         0      
       fd_tos_t2.asm.obj              110    0         0      
       copy_decompress_lzss.c.obj     104    0         0      
       s_frexp.c.obj                  100    0         0      
       _ltoa.c.obj                    84     0         0      
       atoi.c.obj                     76     0         0      
       fd_toi_t2.asm.obj              72     0         0      
       autoinit.c.obj                 68     0         0      
       fs_tod_t2.asm.obj              56     0         0      
       boot_cortex_m.c.obj            52     0         0      
       i_tofd_t2.asm.obj              46     0         0      
       u_tofd_t2.asm.obj              32     0         0      
       copy_zero_init.c.obj           28     0         0      
       memccpy.c.obj                  28     0         0      
       s_copysign.c.obj               26     0         0      
       strcmp.c.obj                   24     0         0      
       strchr.c.obj                   22     0         0      
       strcpy.c.obj                   20     0         0      
       strlen.c.obj                   20     0         0      
       wcslen.c.obj                   18     0         0      
       copy_decompress_none.c.obj     14     0         0      
       errno.c.obj                    8      0         4      
       exit.c.obj                     4      0         0      
       pre_init.c.obj                 4      0         0      
       div0.asm.obj                   2      0         0      
    +--+------------------------------+------+---------+---------+
       Total:                         7973   257       4      
                                                              
       Heap:                          0      0         4096   
       Stack:                         0      0         4096   
       Linker Generated:              0      59        0      
    +--+------------------------------+------+---------+---------+
       Grand Total:                   9819   944       8905   


LINKER GENERATED COPY TABLES

__TI_cinit_table @ 00002a08 records: 3, size/record: 8, table size: 24
	.bss: load addr=000029f0, load size=00000008 bytes, run addr=20002270, run size=00000058 bytes, compression=zero_init
	.vtable: load addr=000029f8, load size=00000008 bytes, run addr=20000000, run size=0000026c bytes, compression=zero_init
	.data: load addr=00002a00, load size=00000007 bytes, run addr=200022c8, run size=00000005 bytes, compression=lzss


LINKER GENERATED HANDLER TABLE

__TI_handler_table @ 000029e0 records: 3, size/record: 4, table size: 12
	index: 0, handler: __TI_zero_init
	index: 1, handler: __TI_decompress_lzss
	index: 2, handler: __TI_decompress_none


GLOBAL SYMBOLS: SORTED ALPHABETICALLY BY Name 

address   name                          
-------   ----                          
000028cd  C$$EXIT                       
000026c1  IntRegister                   
000028b5  ResetISR                      
20001270  __STACK_END                   
00001000  __STACK_SIZE                  
20000470  __STACK_TOP                   
00001000  __SYSMEM_SIZE                 
00002a08  __TI_CINIT_Base               
00002a20  __TI_CINIT_Limit              
000029e0  __TI_Handler_Table_Base       
000029ec  __TI_Handler_Table_Limit      
000025c5  __TI_auto_init_nobinit_nopinit
00002367  __TI_decompress_lzss          
000028a7  __TI_decompress_none          
0000248b  __TI_ltoa                     
ffffffff  __TI_pprof_out_hndl           
0000026d  __TI_printfi                  
ffffffff  __TI_prof_data_size           
ffffffff  __TI_prof_data_start          
00000000  __TI_static_base__            
000027c5  __TI_zero_init_nomemset       
00002105  __aeabi_cdcmpeq               
00002105  __aeabi_cdcmple               
0000218b  __aeabi_cdrcmple              
000022f9  __aeabi_d2f                   
0000257d  __aeabi_d2iz                  
00001677  __aeabi_dadd                  
00001ab9  __aeabi_ddiv                  
00001e25  __aeabi_dmul                  
0000166d  __aeabi_dsub                  
000028c1  __aeabi_errno_addr            
00002687  __aeabi_f2d                   
00002759  __aeabi_i2d                   
00000cbb  __aeabi_idiv0                 
00000cbb  __aeabi_ldiv0                 
00002211  __aeabi_memclr                
00002211  __aeabi_memclr4               
00002211  __aeabi_memclr8               
00001fd3  __aeabi_memcpy                
00001fd3  __aeabi_memcpy4               
00001fd3  __aeabi_memcpy8               
00002213  __aeabi_memset                
00002213  __aeabi_memset4               
00002213  __aeabi_memset8               
00002787  __aeabi_ui2d                  
0000206f  __aeabi_uldivmod              
ffffffff  __binit__                     
ffffffff  __c_args__                    
UNDEFED   __mpu_init                    
20000270  __stack                       
20000000  __start___llvm_prf_cnts       
20000000  __stop___llvm_prf_cnts        
000026f5  _c_int00_noargs               
000028d0  _ctypes_                      
200022cc  _running                      
20001270  _sys_memory                   
UNDEFED   _system_post_cinit            
000028c9  _system_pre_init              
200022c4  _timeout_ticks                
000028cd  abort                         
00002531  atoi                          
ffffffff  binit                         
000027fd  copysign                      
000027fd  copysignl                     
200022c8  errno                         
000023d1  frexp                         
000023d1  frexpl                        
20000000  g_pfnRAMVectors               
00000000  g_pfnVectors                  
00002897  lcd_clear                     
00000e91  lcd_gotoLine                  
00000cf9  lcd_init                      
00000ef7  lcd_printf                    
00000db9  lcd_putc                      
00000df1  lcd_puts                      
00000cbd  lcd_reverseNibble             
00000e0f  lcd_sendCommand               
00000e4d  lcd_sendNibble                
00000eb9  lcd_setCursorPos              
00001d15  ldexp                         
00001d15  ldexpl                        
000027a7  main                          
000027e1  memccpy                       
00001fd3  memcpy                        
00002219  memset                        
00001d15  scalbn                        
00001d15  scalbnl                       
00001825  servo_init                    
000018b7  servo_move                    
00002847  strchr                        
0000282f  strcmp                        
0000285d  strcpy                        
00002871  strlen                        
00001373  timer_getMicros               
0000131b  timer_getMillis               
00001255  timer_init                    
000012f7  timer_pause                   
00001309  timer_resume                  
000012cd  timer_stop                    
000013cd  timer_waitMicros              
000013ff  timer_waitMillis              
00002609  vsnprintf                     
00002885  wcslen                        


GLOBAL SYMBOLS: SORTED BY Symbol Address 

address   name                          
-------   ----                          
00000000  __TI_static_base__            
00000000  g_pfnVectors                  
0000026d  __TI_printfi                  
00000cbb  __aeabi_idiv0                 
00000cbb  __aeabi_ldiv0                 
00000cbd  lcd_reverseNibble             
00000cf9  lcd_init                      
00000db9  lcd_putc                      
00000df1  lcd_puts                      
00000e0f  lcd_sendCommand               
00000e4d  lcd_sendNibble                
00000e91  lcd_gotoLine                  
00000eb9  lcd_setCursorPos              
00000ef7  lcd_printf                    
00001000  __STACK_SIZE                  
00001000  __SYSMEM_SIZE                 
00001255  timer_init                    
000012cd  timer_stop                    
000012f7  timer_pause                   
00001309  timer_resume                  
0000131b  timer_getMillis               
00001373  timer_getMicros               
000013cd  timer_waitMicros              
000013ff  timer_waitMillis              
0000166d  __aeabi_dsub                  
00001677  __aeabi_dadd                  
00001825  servo_init                    
000018b7  servo_move                    
00001ab9  __aeabi_ddiv                  
00001d15  ldexp                         
00001d15  ldexpl                        
00001d15  scalbn                        
00001d15  scalbnl                       
00001e25  __aeabi_dmul                  
00001fd3  __aeabi_memcpy                
00001fd3  __aeabi_memcpy4               
00001fd3  __aeabi_memcpy8               
00001fd3  memcpy                        
0000206f  __aeabi_uldivmod              
00002105  __aeabi_cdcmpeq               
00002105  __aeabi_cdcmple               
0000218b  __aeabi_cdrcmple              
00002211  __aeabi_memclr                
00002211  __aeabi_memclr4               
00002211  __aeabi_memclr8               
00002213  __aeabi_memset                
00002213  __aeabi_memset4               
00002213  __aeabi_memset8               
00002219  memset                        
000022f9  __aeabi_d2f                   
00002367  __TI_decompress_lzss          
000023d1  frexp                         
000023d1  frexpl                        
0000248b  __TI_ltoa                     
00002531  atoi                          
0000257d  __aeabi_d2iz                  
000025c5  __TI_auto_init_nobinit_nopinit
00002609  vsnprintf                     
00002687  __aeabi_f2d                   
000026c1  IntRegister                   
000026f5  _c_int00_noargs               
00002759  __aeabi_i2d                   
00002787  __aeabi_ui2d                  
000027a7  main                          
000027c5  __TI_zero_init_nomemset       
000027e1  memccpy                       
000027fd  copysign                      
000027fd  copysignl                     
0000282f  strcmp                        
00002847  strchr                        
0000285d  strcpy                        
00002871  strlen                        
00002885  wcslen                        
00002897  lcd_clear                     
000028a7  __TI_decompress_none          
000028b5  ResetISR                      
000028c1  __aeabi_errno_addr            
000028c9  _system_pre_init              
000028cd  C$$EXIT                       
000028cd  abort                         
000028d0  _ctypes_                      
000029e0  __TI_Handler_Table_Base       
000029ec  __TI_Handler_Table_Limit      
00002a08  __TI_CINIT_Base               
00002a20  __TI_CINIT_Limit              
20000000  __start___llvm_prf_cnts       
20000000  __stop___llvm_prf_cnts        
20000000  g_pfnRAMVectors               
20000270  __stack                       
20000470  __STACK_TOP                   
20001270  __STACK_END                   
20001270  _sys_memory                   
200022c4  _timeout_ticks                
200022c8  errno                         
200022cc  _running                      
ffffffff  __TI_pprof_out_hndl           
ffffffff  __TI_prof_data_size           
ffffffff  __TI_prof_data_start          
ffffffff  __binit__                     
ffffffff  __c_args__                    
ffffffff  binit                         
UNDEFED   __mpu_init                    
UNDEFED   _system_post_cinit            

[103 symbols]
