******************************************************************************
                  TI ARM Linker PC v20.2.4                     
******************************************************************************
>> Linked Mon Mar 28 11:16:47 2022

OUTPUT FILE NAME:   <Lab 8.out>
ENTRY POINT SYMBOL: "_c_int00_noargs"  address: 000041c1


MEMORY CONFIGURATION

         name            origin    length      used     unused   attr    fill
----------------------  --------  ---------  --------  --------  ----  --------
  FLASH                 00000000   00040000  000045bf  0003ba41  R  X
  SRAM                  20000000   00008000  00002311  00005cef  RW X


SEGMENT ALLOCATION MAP

run origin  load origin   length   init length attrs members
----------  ----------- ---------- ----------- ----- -------
00000000    00000000    000045c8   000045c8    r-x
  00000000    00000000    0000026c   0000026c    r-- .intvecs
  0000026c    0000026c    000041b8   000041b8    r-x .text
  00004428    00004428    0000014b   0000014b    r-- .const
  00004578    00004578    00000050   00000050    r-- .cinit
20000000    20000000    00002315   00000000    rw-
  20000000    20000000    0000026c   00000000    rw- .vtable
  20000270    20000270    00001000   00000000    rw- .stack
  20001270    20001270    00001000   00000000    rw- .sysmem
  20002270    20002270    00000070   00000000    rw- .bss
  200022e0    200022e0    00000035   00000000    rw- .data


SECTION ALLOCATION MAP

 output                                  attributes/
section   page    origin      length       input sections
--------  ----  ----------  ----------   ----------------
.intvecs   0    00000000    0000026c     
                  00000000    0000026c     tm4c123gh6pm_startup_ccs.obj (.intvecs)

.text      0    0000026c    000041b8     
                  0000026c    00000c20     open_interface.obj (.text)
                  00000e8c    00000a4e     rtsv7M4_T_le_v4SPD16_eabi.lib : _printfi.c.obj (.text:__TI_printfi)
                  000018da    00000002                                   : _lock.c.obj (.text:_nop)
                  000018dc    000009c0                                   : e_pow.c.obj (.text:pow)
                  0000229c    00000328     lcd.obj (.text)
                  000025c4    00000270     rtsv7M4_T_le_v4SPD16_eabi.lib : _printfi.c.obj (.text:_pconv_a)
                  00002834    00000248     Timer.obj (.text)
                  00002a7c    000001d0     rtsv7M4_T_le_v4SPD16_eabi.lib : _printfi.c.obj (.text:_pconv_g)
                  00002c4c    000001b6                                   : fd_add_t2.asm.obj (.text)
                  00002e02    00000002                                   : div0.asm.obj (.text)
                  00002e04    00000158                                   : e_sqrt.c.obj (.text:sqrt)
                  00002f5c    0000013c                                   : _printfi.c.obj (.text:_pconv_e)
                  00003098    00000136                                   : fd_div_t2.asm.obj (.text)
                  000031ce    00000002     --HOLE-- [fill = 0]
                  000031d0    00000124     adc.obj (.text)
                  000032f4    00000124     rtsv7M4_T_le_v4SPD16_eabi.lib : _printfi.c.obj (.text:fcvt)
                  00003418    00000110                                   : s_scalbn.c.obj (.text:scalbn)
                  00003528    00000100                                   : memory.c.obj (.text:aligned_alloc)
                  00003628    000000fc     main.obj (.text)
                  00003724    000000fc     rtsv7M4_T_le_v4SPD16_eabi.lib : fd_mul_t2.asm.obj (.text)
                  00003820    000000e4                                   : memory.c.obj (.text:free)
                  00003904    000000b1                                   : _printfi.c.obj (.text:_ltostr)
                  000039b5    00000001     --HOLE-- [fill = 0]
                  000039b6    0000009c                                   : memcpy_t2.asm.obj (.text)
                  00003a52    00000096                                   : ull_div_t2.asm.obj (.text)
                  00003ae8    00000086                                   : fd_cmp_t2.asm.obj (.text:__aeabi_cdcmple)
                  00003b6e    00000086                                   : fd_cmp_t2.asm.obj (.text:__aeabi_cdrcmple)
                  00003bf4    0000007a                                   : memset_t2.asm.obj (.text)
                  00003c6e    00000002     --HOLE-- [fill = 0]
                  00003c70    00000070                                   : memory.c.obj (.text:split)
                  00003ce0    0000006e                                   : _printfi.c.obj (.text:_mcpy)
                  00003d4e    0000006e                                   : fd_tos_t2.asm.obj (.text)
                  00003dbc    00000068                                   : copy_decompress_lzss.c.obj (.text:decompress:lzss:__TI_decompress_lzss)
                  00003e24    00000064                                   : s_frexp.c.obj (.text:frexp)
                  00003e88    00000056                                   : _printfi.c.obj (.text:_pconv_f)
                  00003ede    00000054                                   : _ltoa.c.obj (.text:__TI_ltoa)
                  00003f32    00000052                                   : _printfi.c.obj (.text:_ecpy)
                  00003f84    0000004c                                   : atoi.c.obj (.text:atoi)
                  00003fd0    00000048                                   : fd_toi_t2.asm.obj (.text)
                  00004018    00000044                                   : autoinit.c.obj (.text:__TI_auto_init_nobinit_nopinit:__TI_auto_init_nobinit_nopinit)
                  0000405c    00000040                                   : sprintf.c.obj (.text:sprintf)
                  0000409c    00000040                                   : vsnprintf.c.obj (.text:vsnprintf)
                  000040dc    0000003e                                   : _printfi.c.obj (.text:_fcpy)
                  0000411a    00000002     --HOLE-- [fill = 0]
                  0000411c    00000038                                   : memory.c.obj (.text:calloc)
                  00004154    00000038                                   : fs_tod_t2.asm.obj (.text)
                  0000418c    00000034     driverlib.lib : interrupt.obj (.text:IntRegister)
                  000041c0    00000034     rtsv7M4_T_le_v4SPD16_eabi.lib : boot_cortex_m.c.obj (.text:_c_int00_noargs:_c_int00_noargs)
                  000041f4    00000030                                   : vsnprintf.c.obj (.text:_outs)
                  00004224    0000002e                                   : i_tofd_t2.asm.obj (.text)
                  00004252    00000002     --HOLE-- [fill = 0]
                  00004254    00000028                                   : memory.c.obj (.text:free_list_insert)
                  0000427c    00000020                                   : u_tofd_t2.asm.obj (.text)
                  0000429c    0000001c                                   : copy_zero_init.c.obj (.text:decompress:ZI:__TI_zero_init_nomemset:__TI_zero_init_nomemset)
                  000042b8    0000001c                                   : memory.c.obj (.text:free_list_remove)
                  000042d4    0000001c                                   : memccpy.c.obj (.text:memccpy)
                  000042f0    0000001a                                   : s_copysign.c.obj (.text:copysign)
                  0000430a    00000018                                   : vsnprintf.c.obj (.text:_outc)
                  00004322    00000018                                   : sprintf.c.obj (.text:_outs)
                  0000433a    00000018     open_interface.obj (.text:oi_parseInt)
                  00004352    00000018     rtsv7M4_T_le_v4SPD16_eabi.lib : strcmp.c.obj (.text:strcmp)
                  0000436a    00000016                                   : strchr.c.obj (.text:strchr)
                  00004380    00000014                                   : strcpy.c.obj (.text:strcpy)
                  00004394    00000014                                   : strlen.c.obj (.text:strlen)
                  000043a8    00000012                                   : wcslen.c.obj (.text:wcslen)
                  000043ba    00000010     driverlib.lib : interrupt.obj (.text:IntMasterEnable)
                  000043ca    00000010     lcd.obj (.text:lcd_clear)
                  000043da    0000000e     rtsv7M4_T_le_v4SPD16_eabi.lib : copy_decompress_none.c.obj (.text:decompress:none:__TI_decompress_none)
                  000043e8    0000000c     driverlib.lib : cpu.obj (.text:CPUcpsie)
                  000043f4    0000000c     tm4c123gh6pm_startup_ccs.obj (.text)
                  00004400    0000000a     rtsv7M4_T_le_v4SPD16_eabi.lib : sprintf.c.obj (.text:_outc)
                  0000440a    00000002     --HOLE-- [fill = 0]
                  0000440c    00000008                                   : errno.c.obj (.text:__aeabi_errno_addr)
                  00004414    00000008                                   : memory.c.obj (.text:malloc)
                  0000441c    00000004                                   : pre_init.c.obj (.text:_system_pre_init)
                  00004420    00000004                                   : exit.c.obj (.text:abort:abort)

.const     0    00004428    0000014b     
                  00004428    00000101     rtsv7M4_T_le_v4SPD16_eabi.lib : ctype.c.obj (.const:.string:_ctypes_)
                  00004529    00000004     lcd.obj (.const:.string:lineAddress$1)
                  0000452d    00000003     --HOLE-- [fill = 0]
                  00004530    00000030     rtsv7M4_T_le_v4SPD16_eabi.lib : e_pow.c.obj (.const:$O1$$)
                  00004560    0000000f     open_interface.obj (.const:.string:$P$T0$3)
                  0000456f    00000004     lcd.obj (.const:.string:lineAddresses$2)

.cinit     0    00004578    00000050     
                  00004578    00000018     (.cinit..data.load) [load image, compression = lzss]
                  00004590    0000000c     (__TI_handler_table)
                  0000459c    00000004     --HOLE-- [fill = 0]
                  000045a0    00000008     (.cinit..bss.load) [load image, compression = zero_init]
                  000045a8    00000008     (.cinit..vtable.load) [load image, compression = zero_init]
                  000045b0    00000018     (__TI_cinit_table)

.init_array 
*          0    00000000    00000000     UNINITIALIZED

.vtable    0    20000000    0000026c     UNINITIALIZED
                  20000000    0000026c     driverlib.lib : interrupt.obj (.vtable)

.stack     0    20000270    00001000     UNINITIALIZED
                  20000270    00000004     rtsv7M4_T_le_v4SPD16_eabi.lib : boot_cortex_m.c.obj (.stack)
                  20000274    00000ffc     --HOLE--

.sysmem    0    20001270    00001000     UNINITIALIZED
                  20001270    00000010     rtsv7M4_T_le_v4SPD16_eabi.lib : memory.c.obj (.sysmem)
                  20001280    00000ff0     --HOLE--

.bss       0    20002270    00000070     UNINITIALIZED
                  20002270    00000054     lcd.obj (.bss:lastbuffer$3)
                  200022c4    00000018     open_interface.obj (.bss:firmware$2)
                  200022dc    00000004     (.common:_timeout_ticks)

.data      0    200022e0    00000035     UNINITIALIZED
                  200022e0    00000020     open_interface.obj (.data)
                  20002300    00000008     rtsv7M4_T_le_v4SPD16_eabi.lib : _lock.c.obj (.data:$O1$$)
                  20002308    00000008                                   : memory.c.obj (.data:$O1$$)
                  20002310    00000004                                   : errno.c.obj (.data)
                  20002314    00000001     Timer.obj (.data)

__llvm_prf_cnts 
*          0    20000000    00000000     UNINITIALIZED

MODULE SUMMARY

       Module                         code    ro data   rw data
       ------                         ----    -------   -------
    .\
       open_interface.obj             3128    15        56     
       lcd.obj                        824     8         84     
       tm4c123gh6pm_startup_ccs.obj   12      620       0      
       Timer.obj                      584     0         5      
       adc.obj                        292     0         0      
       main.obj                       252     0         0      
    +--+------------------------------+-------+---------+---------+
       Total:                         5092    643       145    
                                                               
    C:/ti/TivaWare_C_Series-2.1.4.178/driverlib/ccs/Debug/driverlib.lib
       interrupt.obj                  68      0         620    
       cpu.obj                        12      0         0      
    +--+------------------------------+-------+---------+---------+
       Total:                         80      0         620    
                                                               
    C:\ti\ccs1031\ccs\tools\compiler\ti-cgt-arm_20.2.4.LTS\lib\rtsv7M4_T_le_v4SPD16_eabi.lib
       _printfi.c.obj                 4851    0         0      
       e_pow.c.obj                    2496    48        0      
       memory.c.obj                   728     0         8      
       fd_add_t2.asm.obj              438     0         0      
       e_sqrt.c.obj                   344     0         0      
       fd_div_t2.asm.obj              310     0         0      
       s_scalbn.c.obj                 272     0         0      
       fd_cmp_t2.asm.obj              268     0         0      
       ctype.c.obj                    0       257       0      
       fd_mul_t2.asm.obj              252     0         0      
       memcpy_t2.asm.obj              156     0         0      
       ull_div_t2.asm.obj             150     0         0      
       vsnprintf.c.obj                136     0         0      
       memset_t2.asm.obj              122     0         0      
       fd_tos_t2.asm.obj              110     0         0      
       copy_decompress_lzss.c.obj     104     0         0      
       s_frexp.c.obj                  100     0         0      
       sprintf.c.obj                  98      0         0      
       _ltoa.c.obj                    84      0         0      
       atoi.c.obj                     76      0         0      
       fd_toi_t2.asm.obj              72      0         0      
       autoinit.c.obj                 68      0         0      
       fs_tod_t2.asm.obj              56      0         0      
       boot_cortex_m.c.obj            52      0         0      
       i_tofd_t2.asm.obj              46      0         0      
       u_tofd_t2.asm.obj              32      0         0      
       copy_zero_init.c.obj           28      0         0      
       memccpy.c.obj                  28      0         0      
       s_copysign.c.obj               26      0         0      
       strcmp.c.obj                   24      0         0      
       strchr.c.obj                   22      0         0      
       strcpy.c.obj                   20      0         0      
       strlen.c.obj                   20      0         0      
       wcslen.c.obj                   18      0         0      
       copy_decompress_none.c.obj     14      0         0      
       errno.c.obj                    8       0         4      
       _lock.c.obj                    2       0         8      
       exit.c.obj                     4       0         0      
       pre_init.c.obj                 4       0         0      
       div0.asm.obj                   2       0         0      
    +--+------------------------------+-------+---------+---------+
       Total:                         11641   305       20     
                                                               
       Heap:                          0       0         4096   
       Stack:                         0       0         4096   
       Linker Generated:              0       76        0      
    +--+------------------------------+-------+---------+---------+
       Grand Total:                   16813   1024      8977   


LINKER GENERATED COPY TABLES

__TI_cinit_table @ 000045b0 records: 3, size/record: 8, table size: 24
	.data: load addr=00004578, load size=00000018 bytes, run addr=200022e0, run size=00000035 bytes, compression=lzss
	.bss: load addr=000045a0, load size=00000008 bytes, run addr=20002270, run size=00000070 bytes, compression=zero_init
	.vtable: load addr=000045a8, load size=00000008 bytes, run addr=20000000, run size=0000026c bytes, compression=zero_init


LINKER GENERATED HANDLER TABLE

__TI_handler_table @ 00004590 records: 3, size/record: 4, table size: 12
	index: 0, handler: __TI_zero_init
	index: 1, handler: __TI_decompress_lzss
	index: 2, handler: __TI_decompress_none


GLOBAL SYMBOLS: SORTED ALPHABETICALLY BY Name 

address   name                          
-------   ----                          
00004421  C$$EXIT                       
000043e9  CPUcpsie                      
00000bc3  GPIOF_Handler                 
000043bb  IntMasterEnable               
0000418d  IntRegister                   
000043f5  ResetISR                      
20001270  __STACK_END                   
00001000  __STACK_SIZE                  
20000470  __STACK_TOP                   
00001000  __SYSMEM_SIZE                 
000045b0  __TI_CINIT_Base               
000045c8  __TI_CINIT_Limit              
00004590  __TI_Handler_Table_Base       
0000459c  __TI_Handler_Table_Limit      
00004019  __TI_auto_init_nobinit_nopinit
00003dbd  __TI_decompress_lzss          
000043db  __TI_decompress_none          
00003edf  __TI_ltoa                     
ffffffff  __TI_pprof_out_hndl           
00000e8d  __TI_printfi                  
ffffffff  __TI_prof_data_size           
ffffffff  __TI_prof_data_start          
00000000  __TI_static_base__            
0000429d  __TI_zero_init_nomemset       
00003ae9  __aeabi_cdcmpeq               
00003ae9  __aeabi_cdcmple               
00003b6f  __aeabi_cdrcmple              
00003d4f  __aeabi_d2f                   
00003fd1  __aeabi_d2iz                  
00002c57  __aeabi_dadd                  
00003099  __aeabi_ddiv                  
00003725  __aeabi_dmul                  
00002c4d  __aeabi_dsub                  
0000440d  __aeabi_errno_addr            
00004155  __aeabi_f2d                   
00004225  __aeabi_i2d                   
00002e03  __aeabi_idiv0                 
00002e03  __aeabi_ldiv0                 
00003bf5  __aeabi_memclr                
00003bf5  __aeabi_memclr4               
00003bf5  __aeabi_memclr8               
000039b7  __aeabi_memcpy                
000039b7  __aeabi_memcpy4               
000039b7  __aeabi_memcpy8               
00003bf7  __aeabi_memset                
00003bf7  __aeabi_memset4               
00003bf7  __aeabi_memset8               
0000427d  __aeabi_ui2d                  
00003a53  __aeabi_uldivmod              
ffffffff  __binit__                     
ffffffff  __c_args__                    
UNDEFED   __mpu_init                    
20000270  __stack                       
20000000  __start___llvm_prf_cnts       
20000000  __stop___llvm_prf_cnts        
000041c1  _c_int00_noargs               
00004428  _ctypes_                      
20002300  _lock                         
000018db  _nop                          
20002314  _running                      
20001270  _sys_memory                   
UNDEFED   _system_post_cinit            
0000441d  _system_pre_init              
200022dc  _timeout_ticks                
20002304  _unlock                       
00004421  abort                         
000031d1  adc_init                      
0000327b  adc_read                      
00003529  aligned_alloc                 
00003f85  atoi                          
ffffffff  binit                         
0000411d  calloc                        
000042f1  copysign                      
000042f1  copysignl                     
20002310  errno                         
00003821  free                          
00003e25  frexp                         
00003e25  frexpl                        
20000000  g_pfnRAMVectors               
00000000  g_pfnVectors                  
0000097f  go_charge                     
000043cb  lcd_clear                     
00002471  lcd_gotoLine                  
000022d9  lcd_init                      
000024d7  lcd_printf                    
00002399  lcd_putc                      
000023d1  lcd_puts                      
0000229d  lcd_reverseNibble             
000023ef  lcd_sendCommand               
0000242d  lcd_sendNibble                
00002499  lcd_setCursorPos              
00003419  ldexp                         
00003419  ldexpl                        
00003629  main                          
00004415  malloc                        
00003529  memalign                      
000042d5  memccpy                       
000039b7  memcpy                        
00003bfd  memset                        
200022e0  motor_cal_factor_L            
200022e4  motor_cal_factor_R            
0000026d  oi_alloc                      
00000aa9  oi_checkFirmware              
000002c7  oi_close                      
00000279  oi_free                       
00000ded  oi_getMotorCalibrationLeft    
00000e01  oi_getMotorCalibrationRight   
000002b1  oi_init                       
00000289  oi_init_noupdate              
00000915  oi_loadSong                   
0000433b  oi_parseInt                   
0000032b  oi_parsePacket                
0000096b  oi_play_song                  
0000084b  oi_setLeds                    
00000db1  oi_setMotorCalibration        
0000088f  oi_setWheels                  
00000b51  oi_shutoff_init               
0000098d  oi_uartInit                   
00000a31  oi_uartReceive                
00000a77  oi_uartSendBuff               
00000a15  oi_uartSendChar               
00000a59  oi_uartSendStr                
000002d9  oi_update                     
000018dd  pow                           
000018dd  powl                          
00003419  scalbn                        
00003419  scalbnl                       
0000405d  sprintf                       
00002e05  sqrt                          
00002e05  sqrtl                         
0000436b  strchr                        
00004353  strcmp                        
00004381  strcpy                        
00004395  strlen                        
00002953  timer_getMicros               
000028fb  timer_getMillis               
00002835  timer_init                    
000028d7  timer_pause                   
000028e9  timer_resume                  
000028ad  timer_stop                    
000029ad  timer_waitMicros              
000029df  timer_waitMillis              
0000409d  vsnprintf                     
000043a9  wcslen                        


GLOBAL SYMBOLS: SORTED BY Symbol Address 

address   name                          
-------   ----                          
00000000  __TI_static_base__            
00000000  g_pfnVectors                  
0000026d  oi_alloc                      
00000279  oi_free                       
00000289  oi_init_noupdate              
000002b1  oi_init                       
000002c7  oi_close                      
000002d9  oi_update                     
0000032b  oi_parsePacket                
0000084b  oi_setLeds                    
0000088f  oi_setWheels                  
00000915  oi_loadSong                   
0000096b  oi_play_song                  
0000097f  go_charge                     
0000098d  oi_uartInit                   
00000a15  oi_uartSendChar               
00000a31  oi_uartReceive                
00000a59  oi_uartSendStr                
00000a77  oi_uartSendBuff               
00000aa9  oi_checkFirmware              
00000b51  oi_shutoff_init               
00000bc3  GPIOF_Handler                 
00000db1  oi_setMotorCalibration        
00000ded  oi_getMotorCalibrationLeft    
00000e01  oi_getMotorCalibrationRight   
00000e8d  __TI_printfi                  
00001000  __STACK_SIZE                  
00001000  __SYSMEM_SIZE                 
000018db  _nop                          
000018dd  pow                           
000018dd  powl                          
0000229d  lcd_reverseNibble             
000022d9  lcd_init                      
00002399  lcd_putc                      
000023d1  lcd_puts                      
000023ef  lcd_sendCommand               
0000242d  lcd_sendNibble                
00002471  lcd_gotoLine                  
00002499  lcd_setCursorPos              
000024d7  lcd_printf                    
00002835  timer_init                    
000028ad  timer_stop                    
000028d7  timer_pause                   
000028e9  timer_resume                  
000028fb  timer_getMillis               
00002953  timer_getMicros               
000029ad  timer_waitMicros              
000029df  timer_waitMillis              
00002c4d  __aeabi_dsub                  
00002c57  __aeabi_dadd                  
00002e03  __aeabi_idiv0                 
00002e03  __aeabi_ldiv0                 
00002e05  sqrt                          
00002e05  sqrtl                         
00003099  __aeabi_ddiv                  
000031d1  adc_init                      
0000327b  adc_read                      
00003419  ldexp                         
00003419  ldexpl                        
00003419  scalbn                        
00003419  scalbnl                       
00003529  aligned_alloc                 
00003529  memalign                      
00003629  main                          
00003725  __aeabi_dmul                  
00003821  free                          
000039b7  __aeabi_memcpy                
000039b7  __aeabi_memcpy4               
000039b7  __aeabi_memcpy8               
000039b7  memcpy                        
00003a53  __aeabi_uldivmod              
00003ae9  __aeabi_cdcmpeq               
00003ae9  __aeabi_cdcmple               
00003b6f  __aeabi_cdrcmple              
00003bf5  __aeabi_memclr                
00003bf5  __aeabi_memclr4               
00003bf5  __aeabi_memclr8               
00003bf7  __aeabi_memset                
00003bf7  __aeabi_memset4               
00003bf7  __aeabi_memset8               
00003bfd  memset                        
00003d4f  __aeabi_d2f                   
00003dbd  __TI_decompress_lzss          
00003e25  frexp                         
00003e25  frexpl                        
00003edf  __TI_ltoa                     
00003f85  atoi                          
00003fd1  __aeabi_d2iz                  
00004019  __TI_auto_init_nobinit_nopinit
0000405d  sprintf                       
0000409d  vsnprintf                     
0000411d  calloc                        
00004155  __aeabi_f2d                   
0000418d  IntRegister                   
000041c1  _c_int00_noargs               
00004225  __aeabi_i2d                   
0000427d  __aeabi_ui2d                  
0000429d  __TI_zero_init_nomemset       
000042d5  memccpy                       
000042f1  copysign                      
000042f1  copysignl                     
0000433b  oi_parseInt                   
00004353  strcmp                        
0000436b  strchr                        
00004381  strcpy                        
00004395  strlen                        
000043a9  wcslen                        
000043bb  IntMasterEnable               
000043cb  lcd_clear                     
000043db  __TI_decompress_none          
000043e9  CPUcpsie                      
000043f5  ResetISR                      
0000440d  __aeabi_errno_addr            
00004415  malloc                        
0000441d  _system_pre_init              
00004421  C$$EXIT                       
00004421  abort                         
00004428  _ctypes_                      
00004590  __TI_Handler_Table_Base       
0000459c  __TI_Handler_Table_Limit      
000045b0  __TI_CINIT_Base               
000045c8  __TI_CINIT_Limit              
20000000  __start___llvm_prf_cnts       
20000000  __stop___llvm_prf_cnts        
20000000  g_pfnRAMVectors               
20000270  __stack                       
20000470  __STACK_TOP                   
20001270  __STACK_END                   
20001270  _sys_memory                   
200022dc  _timeout_ticks                
200022e0  motor_cal_factor_L            
200022e4  motor_cal_factor_R            
20002300  _lock                         
20002304  _unlock                       
20002310  errno                         
20002314  _running                      
ffffffff  __TI_pprof_out_hndl           
ffffffff  __TI_prof_data_size           
ffffffff  __TI_prof_data_start          
ffffffff  __binit__                     
ffffffff  __c_args__                    
ffffffff  binit                         
UNDEFED   __mpu_init                    
UNDEFED   _system_post_cinit            

[144 symbols]
