******************************************************************************
                  TI ARM Linker PC v20.2.4                     
******************************************************************************
>> Linked Tue Mar 22 11:55:08 2022

OUTPUT FILE NAME:   <Lab 7.out>
ENTRY POINT SYMBOL: "_c_int00_noargs"  address: 00004461


MEMORY CONFIGURATION

         name            origin    length      used     unused   attr    fill
----------------------  --------  ---------  --------  --------  ----  --------
  FLASH                 00000000   00040000  00004832  0003b7ce  R  X
  SRAM                  20000000   00008000  0000232e  00005cd2  RW X


SEGMENT ALLOCATION MAP

run origin  load origin   length   init length attrs members
----------  ----------- ---------- ----------- ----- -------
00000000    00000000    00004838   00004838    r-x
  00000000    00000000    0000026c   0000026c    r-- .intvecs
  0000026c    0000026c    00004438   00004438    r-x .text
  000046a4    000046a4    0000013e   0000013e    r-- .const
  000047e8    000047e8    00000050   00000050    r-- .cinit
20000000    20000000    00002335   00000000    rw-
  20000000    20000000    0000026c   00000000    rw- .vtable
  20000270    20000270    00001000   00000000    rw- .stack
  20001270    20001270    00001000   00000000    rw- .sysmem
  20002270    20002270    00000089   00000000    rw- .bss
  200022fc    200022fc    00000039   00000000    rw- .data


SECTION ALLOCATION MAP

 output                                  attributes/
section   page    origin      length       input sections
--------  ----  ----------  ----------   ----------------
.intvecs   0    00000000    0000026c     
                  00000000    0000026c     tm4c123gh6pm_startup_ccs.obj (.intvecs)

.text      0    0000026c    00004438     
                  0000026c    00000c20     open_interface.obj (.text)
                  00000e8c    00000a4e     rtsv7M4_T_le_v4SPD16_eabi.lib : _printfi.c.obj (.text:__TI_printfi)
                  000018da    00000002                                   : _lock.c.obj (.text:_nop)
                  000018dc    00000558     main.obj (.text)
                  00001e34    00000328     lcd.obj (.text)
                  0000215c    00000298     movement.obj (.text)
                  000023f4    00000270     rtsv7M4_T_le_v4SPD16_eabi.lib : _printfi.c.obj (.text:_pconv_a)
                  00002664    00000260     libcybotScan.lib : cyBot_Scan.obj (.text)
                  000028c4    00000248     Timer.obj (.text)
                  00002b0c    000001ec     libcybotScan.lib : ping.obj (.text)
                  00002cf8    000001d0     rtsv7M4_T_le_v4SPD16_eabi.lib : _printfi.c.obj (.text:_pconv_g)
                  00002ec8    000001b6                                   : fd_add_t2.asm.obj (.text)
                  0000307e    00000002                                   : div0.asm.obj (.text)
                  00003080    00000158     libcybotScan.lib : servo.obj (.text)
                  000031d8    0000013c     rtsv7M4_T_le_v4SPD16_eabi.lib : _printfi.c.obj (.text:_pconv_e)
                  00003314    00000136                                   : fd_div_t2.asm.obj (.text)
                  0000344a    00000002     --HOLE-- [fill = 0]
                  0000344c    0000012c     uart.obj (.text)
                  00003578    00000124     rtsv7M4_T_le_v4SPD16_eabi.lib : _printfi.c.obj (.text:fcvt)
                  0000369c    00000118     libcybotScan.lib : ir.obj (.text)
                  000037b4    00000110     rtsv7M4_T_le_v4SPD16_eabi.lib : s_scalbn.c.obj (.text:scalbn)
                  000038c4    00000100                                   : memory.c.obj (.text:aligned_alloc)
                  000039c4    000000fc                                   : fd_mul_t2.asm.obj (.text)
                  00003ac0    000000e4                                   : memory.c.obj (.text:free)
                  00003ba4    000000b1                                   : _printfi.c.obj (.text:_ltostr)
                  00003c55    00000001     --HOLE-- [fill = 0]
                  00003c56    0000009c                                   : memcpy_t2.asm.obj (.text)
                  00003cf2    00000096                                   : ull_div_t2.asm.obj (.text)
                  00003d88    00000086                                   : fd_cmp_t2.asm.obj (.text:__aeabi_cdcmple)
                  00003e0e    00000086                                   : fd_cmp_t2.asm.obj (.text:__aeabi_cdrcmple)
                  00003e94    0000007a                                   : memset_t2.asm.obj (.text)
                  00003f0e    00000002     --HOLE-- [fill = 0]
                  00003f10    00000070                                   : memory.c.obj (.text:split)
                  00003f80    0000006e                                   : _printfi.c.obj (.text:_mcpy)
                  00003fee    0000006e                                   : fd_tos_t2.asm.obj (.text)
                  0000405c    00000068                                   : copy_decompress_lzss.c.obj (.text:decompress:lzss:__TI_decompress_lzss)
                  000040c4    00000064                                   : s_frexp.c.obj (.text:frexp)
                  00004128    00000056                                   : _printfi.c.obj (.text:_pconv_f)
                  0000417e    00000054                                   : _ltoa.c.obj (.text:__TI_ltoa)
                  000041d2    00000052                                   : _printfi.c.obj (.text:_ecpy)
                  00004224    0000004c                                   : atoi.c.obj (.text:atoi)
                  00004270    00000048                                   : fd_toi_t2.asm.obj (.text)
                  000042b8    00000044                                   : autoinit.c.obj (.text:__TI_auto_init_nobinit_nopinit:__TI_auto_init_nobinit_nopinit)
                  000042fc    00000040                                   : sprintf.c.obj (.text:sprintf)
                  0000433c    00000040                                   : vsnprintf.c.obj (.text:vsnprintf)
                  0000437c    0000003e                                   : _printfi.c.obj (.text:_fcpy)
                  000043ba    00000002     --HOLE-- [fill = 0]
                  000043bc    00000038                                   : memory.c.obj (.text:calloc)
                  000043f4    00000038                                   : fs_tod_t2.asm.obj (.text)
                  0000442c    00000034     driverlib.lib : interrupt.obj (.text:IntRegister)
                  00004460    00000034     rtsv7M4_T_le_v4SPD16_eabi.lib : boot_cortex_m.c.obj (.text:_c_int00_noargs:_c_int00_noargs)
                  00004494    00000030                                   : vsnprintf.c.obj (.text:_outs)
                  000044c4    0000002e                                   : i_tofd_t2.asm.obj (.text)
                  000044f2    00000002     --HOLE-- [fill = 0]
                  000044f4    00000028                                   : memory.c.obj (.text:free_list_insert)
                  0000451c    0000001c                                   : copy_zero_init.c.obj (.text:decompress:ZI:__TI_zero_init_nomemset:__TI_zero_init_nomemset)
                  00004538    0000001c                                   : memory.c.obj (.text:free_list_remove)
                  00004554    0000001c                                   : memccpy.c.obj (.text:memccpy)
                  00004570    0000001a                                   : s_copysign.c.obj (.text:copysign)
                  0000458a    00000018                                   : vsnprintf.c.obj (.text:_outc)
                  000045a2    00000018                                   : sprintf.c.obj (.text:_outs)
                  000045ba    00000018     open_interface.obj (.text:oi_parseInt)
                  000045d2    00000018     rtsv7M4_T_le_v4SPD16_eabi.lib : strcmp.c.obj (.text:strcmp)
                  000045ea    00000016                                   : strchr.c.obj (.text:strchr)
                  00004600    00000014                                   : strcpy.c.obj (.text:strcpy)
                  00004614    00000014                                   : strlen.c.obj (.text:strlen)
                  00004628    00000012                                   : wcslen.c.obj (.text:wcslen)
                  0000463a    00000010     driverlib.lib : interrupt.obj (.text:IntMasterEnable)
                  0000464a    00000010     lcd.obj (.text:lcd_clear)
                  0000465a    0000000e     rtsv7M4_T_le_v4SPD16_eabi.lib : copy_decompress_none.c.obj (.text:decompress:none:__TI_decompress_none)
                  00004668    0000000c     driverlib.lib : cpu.obj (.text:CPUcpsie)
                  00004674    0000000c     tm4c123gh6pm_startup_ccs.obj (.text)
                  00004680    0000000a     rtsv7M4_T_le_v4SPD16_eabi.lib : sprintf.c.obj (.text:_outc)
                  0000468a    00000002     --HOLE-- [fill = 0]
                  0000468c    00000008                                   : errno.c.obj (.text:__aeabi_errno_addr)
                  00004694    00000008                                   : memory.c.obj (.text:malloc)
                  0000469c    00000004                                   : pre_init.c.obj (.text:_system_pre_init)
                  000046a0    00000004                                   : exit.c.obj (.text:abort:abort)

.const     0    000046a4    0000013e     
                  000046a4    00000101     rtsv7M4_T_le_v4SPD16_eabi.lib : ctype.c.obj (.const:.string:_ctypes_)
                  000047a5    00000026     main.obj (.const:.string:$P$T0$1)
                  000047cb    0000000f     open_interface.obj (.const:.string:$P$T0$3)
                  000047da    00000004     lcd.obj (.const:.string:lineAddress$1)
                  000047de    00000004     lcd.obj (.const:.string:lineAddresses$2)

.cinit     0    000047e8    00000050     
                  000047e8    00000018     (.cinit..data.load) [load image, compression = lzss]
                  00004800    0000000c     (__TI_handler_table)
                  0000480c    00000004     --HOLE-- [fill = 0]
                  00004810    00000008     (.cinit..bss.load) [load image, compression = zero_init]
                  00004818    00000008     (.cinit..vtable.load) [load image, compression = zero_init]
                  00004820    00000018     (__TI_cinit_table)

.init_array 
*          0    00000000    00000000     UNINITIALIZED

.vtable    0    20000000    0000026c     UNINITIALIZED
                  20000000    0000026c     driverlib.lib : interrupt.obj (.vtable)

.stack     0    20000270    00001000     UNINITIALIZED
                  20000270    00000004     rtsv7M4_T_le_v4SPD16_eabi.lib : boot_cortex_m.c.obj (.stack)
                  20000274    00000ffc     --HOLE--

.sysmem    0    20001270    00001000     UNINITIALIZED
                  20001270    00000010     rtsv7M4_T_le_v4SPD16_eabi.lib : memory.c.obj (.sysmem)
                  20001280    00000ff0     --HOLE--

.bss       0    20002270    00000089     UNINITIALIZED
                  20002270    00000054     lcd.obj (.bss:lastbuffer$3)
                  200022c4    00000018     open_interface.obj (.bss:firmware$2)
                  200022dc    00000004     (.common:_timeout_ticks)
                  200022e0    00000004     (.common:fallingEdge)
                  200022e4    00000004     (.common:isr_int_value)
                  200022e8    00000004     (.common:left_calibration_value)
                  200022ec    00000004     (.common:pulseLength)
                  200022f0    00000004     (.common:right_calibration_value)
                  200022f4    00000004     (.common:risingEdge)
                  200022f8    00000001     (.common:isRisingEdge)

.data      0    200022fc    00000039     UNINITIALIZED
                  200022fc    00000020     open_interface.obj (.data)
                  2000231c    00000008     rtsv7M4_T_le_v4SPD16_eabi.lib : _lock.c.obj (.data:$O1$$)
                  20002324    00000008                                   : memory.c.obj (.data:$O1$$)
                  2000232c    00000004     libcybotScan.lib : cyBot_Scan.obj (.data)
                  20002330    00000004     rtsv7M4_T_le_v4SPD16_eabi.lib : errno.c.obj (.data)
                  20002334    00000001     Timer.obj (.data)

__llvm_prf_cnts 
*          0    20000000    00000000     UNINITIALIZED

MODULE SUMMARY

       Module                         code    ro data   rw data
       ------                         ----    -------   -------
    .\
       open_interface.obj             3128    15        56     
       main.obj                       1368    38        8      
       lcd.obj                        824     8         84     
       movement.obj                   664     0         0      
       tm4c123gh6pm_startup_ccs.obj   12      620       0      
       Timer.obj                      584     0         5      
       uart.obj                       300     0         0      
    +--+------------------------------+-------+---------+---------+
       Total:                         6880    681       153    
                                                               
    ../libcybotScan.lib
       cyBot_Scan.obj                 608     0         4      
       ping.obj                       492     0         13     
       servo.obj                      344     0         0      
       ir.obj                         280     0         4      
    +--+------------------------------+-------+---------+---------+
       Total:                         1724    0         21     
                                                               
    C:/ti/TivaWare_C_Series-2.1.4.178/driverlib/ccs/Debug/driverlib.lib
       interrupt.obj                  68      0         620    
       cpu.obj                        12      0         0      
    +--+------------------------------+-------+---------+---------+
       Total:                         80      0         620    
                                                               
    C:\ti\ccs1031\ccs\tools\compiler\ti-cgt-arm_20.2.4.LTS\lib\rtsv7M4_T_le_v4SPD16_eabi.lib
       _printfi.c.obj                 4851    0         0      
       memory.c.obj                   728     0         8      
       fd_add_t2.asm.obj              438     0         0      
       fd_div_t2.asm.obj              310     0         0      
       s_scalbn.c.obj                 272     0         0      
       fd_cmp_t2.asm.obj              268     0         0      
       ctype.c.obj                    0       257       0      
       fd_mul_t2.asm.obj              252     0         0      
       memcpy_t2.asm.obj              156     0         0      
       ull_div_t2.asm.obj             150     0         0      
       vsnprintf.c.obj                136     0         0      
       memset_t2.asm.obj              122     0         0      
       fd_tos_t2.asm.obj              110     0         0      
       copy_decompress_lzss.c.obj     104     0         0      
       s_frexp.c.obj                  100     0         0      
       sprintf.c.obj                  98      0         0      
       _ltoa.c.obj                    84      0         0      
       atoi.c.obj                     76      0         0      
       fd_toi_t2.asm.obj              72      0         0      
       autoinit.c.obj                 68      0         0      
       fs_tod_t2.asm.obj              56      0         0      
       boot_cortex_m.c.obj            52      0         0      
       i_tofd_t2.asm.obj              46      0         0      
       copy_zero_init.c.obj           28      0         0      
       memccpy.c.obj                  28      0         0      
       s_copysign.c.obj               26      0         0      
       strcmp.c.obj                   24      0         0      
       strchr.c.obj                   22      0         0      
       strcpy.c.obj                   20      0         0      
       strlen.c.obj                   20      0         0      
       wcslen.c.obj                   18      0         0      
       copy_decompress_none.c.obj     14      0         0      
       errno.c.obj                    8       0         4      
       _lock.c.obj                    2       0         8      
       exit.c.obj                     4       0         0      
       pre_init.c.obj                 4       0         0      
       div0.asm.obj                   2       0         0      
    +--+------------------------------+-------+---------+---------+
       Total:                         8769    257       20     
                                                               
       Heap:                          0       0         4096   
       Stack:                         0       0         4096   
       Linker Generated:              0       76        0      
    +--+------------------------------+-------+---------+---------+
       Grand Total:                   17453   1014      9006   


LINKER GENERATED COPY TABLES

__TI_cinit_table @ 00004820 records: 3, size/record: 8, table size: 24
	.data: load addr=000047e8, load size=00000018 bytes, run addr=200022fc, run size=00000039 bytes, compression=lzss
	.bss: load addr=00004810, load size=00000008 bytes, run addr=20002270, run size=00000089 bytes, compression=zero_init
	.vtable: load addr=00004818, load size=00000008 bytes, run addr=20000000, run size=0000026c bytes, compression=zero_init


LINKER GENERATED HANDLER TABLE

__TI_handler_table @ 00004800 records: 3, size/record: 4, table size: 12
	index: 0, handler: __TI_zero_init
	index: 1, handler: __TI_decompress_lzss
	index: 2, handler: __TI_decompress_none


GLOBAL SYMBOLS: SORTED ALPHABETICALLY BY Name 

address   name                          
-------   ----                          
00003735  ADC0SS0_Handler               
000046a1  C$$EXIT                       
00004669  CPUcpsie                      
00000bc3  GPIOF_Handler                 
0000463b  IntMasterEnable               
0000442d  IntRegister                   
00004675  ResetISR                      
00002bfd  TIMER3B_Handler               
20001270  __STACK_END                   
00001000  __STACK_SIZE                  
20000470  __STACK_TOP                   
00001000  __SYSMEM_SIZE                 
00004820  __TI_CINIT_Base               
00004838  __TI_CINIT_Limit              
00004800  __TI_Handler_Table_Base       
0000480c  __TI_Handler_Table_Limit      
000042b9  __TI_auto_init_nobinit_nopinit
0000405d  __TI_decompress_lzss          
0000465b  __TI_decompress_none          
0000417f  __TI_ltoa                     
ffffffff  __TI_pprof_out_hndl           
00000e8d  __TI_printfi                  
ffffffff  __TI_prof_data_size           
ffffffff  __TI_prof_data_start          
00000000  __TI_static_base__            
0000451d  __TI_zero_init_nomemset       
00003d89  __aeabi_cdcmpeq               
00003d89  __aeabi_cdcmple               
00003e0f  __aeabi_cdrcmple              
00003fef  __aeabi_d2f                   
00004271  __aeabi_d2iz                  
00002ed3  __aeabi_dadd                  
00003315  __aeabi_ddiv                  
000039c5  __aeabi_dmul                  
00002ec9  __aeabi_dsub                  
0000468d  __aeabi_errno_addr            
000043f5  __aeabi_f2d                   
000044c5  __aeabi_i2d                   
0000307f  __aeabi_idiv0                 
0000307f  __aeabi_ldiv0                 
00003e95  __aeabi_memclr                
00003e95  __aeabi_memclr4               
00003e95  __aeabi_memclr8               
00003c57  __aeabi_memcpy                
00003c57  __aeabi_memcpy4               
00003c57  __aeabi_memcpy8               
00003e97  __aeabi_memset                
00003e97  __aeabi_memset4               
00003e97  __aeabi_memset8               
00003cf3  __aeabi_uldivmod              
ffffffff  __binit__                     
ffffffff  __c_args__                    
UNDEFED   __mpu_init                    
20000270  __stack                       
20000000  __start___llvm_prf_cnts       
20000000  __stop___llvm_prf_cnts        
00004461  _c_int00_noargs               
000046a4  _ctypes_                      
2000231c  _lock                         
000018db  _nop                          
20002334  _running                      
20001270  _sys_memory                   
UNDEFED   _system_post_cinit            
0000469d  _system_pre_init              
200022dc  _timeout_ticks                
20002320  _unlock                       
000046a1  abort                         
000038c5  aligned_alloc                 
00004225  atoi                          
ffffffff  binit                         
000043bd  calloc                        
00004571  copysign                      
00004571  copysignl                     
0000273d  cyBOT_SERVO_cal               
000026cb  cyBOT_Scan                    
00002673  cyBOT_init_Scan               
2000232c  cyBOT_scan_features           
00002665  cyBOT_scan_version            
20002330  errno                         
200022e0  fallingEdge                   
00003ac1  free                          
000040c5  frexp                         
000040c5  frexpl                        
20000000  g_pfnRAMVectors               
00000000  g_pfnVectors                  
0000097f  go_charge                     
0000374b  ir_enableInterrupt            
0000372d  ir_getDistance                
00003705  ir_getValue                   
0000369d  ir_init                       
200022f8  isRisingEdge                  
200022e4  isr_int_value                 
0000464b  lcd_clear                     
00002009  lcd_gotoLine                  
00001e71  lcd_init                      
0000206f  lcd_printf                    
00001f31  lcd_putc                      
00001f69  lcd_puts                      
00001e35  lcd_reverseNibble             
00001f87  lcd_sendCommand               
00001fc5  lcd_sendNibble                
00002031  lcd_setCursorPos              
000037b5  ldexp                         
000037b5  ldexpl                        
200022e8  left_calibration_value        
0000190f  main                          
00004695  malloc                        
000038c5  memalign                      
00004555  memccpy                       
00003c57  memcpy                        
00003e9d  memset                        
200022fc  motor_cal_factor_L            
20002300  motor_cal_factor_R            
00002295  move_back                     
0000215d  move_forward                  
0000026d  oi_alloc                      
00000aa9  oi_checkFirmware              
000002c7  oi_close                      
00000279  oi_free                       
00000ded  oi_getMotorCalibrationLeft    
00000e01  oi_getMotorCalibrationRight   
000002b1  oi_init                       
00000289  oi_init_noupdate              
00000915  oi_loadSong                   
000045bb  oi_parseInt                   
0000032b  oi_parsePacket                
0000096b  oi_play_song                  
0000084b  oi_setLeds                    
00000db1  oi_setMotorCalibration        
0000088f  oi_setWheels                  
00000b51  oi_shutoff_init               
0000098d  oi_uartInit                   
00000a31  oi_uartReceive                
00000a77  oi_uartSendBuff               
00000a15  oi_uartSendChar               
00000a59  oi_uartSendStr                
000002d9  oi_update                     
00002c4f  ping_getDistance              
00002b0d  ping_init                     
00002b93  ping_trigger                  
200022ec  pulseLength                   
200022f0  right_calibration_value       
200022f4  risingEdge                    
000037b5  scalbn                        
000037b5  scalbnl                       
000018dd  sendMessage                   
00003081  servo_init                    
00003111  servo_move                    
00003171  servo_setPWM                  
00003105  servo_stop                    
000042fd  sprintf                       
000045eb  strchr                        
000045d3  strcmp                        
00004601  strcpy                        
00004615  strlen                        
000029e3  timer_getMicros               
0000298b  timer_getMillis               
000028c5  timer_init                    
00002967  timer_pause                   
00002979  timer_resume                  
0000293d  timer_stop                    
00002a3d  timer_waitMicros              
00002a6f  timer_waitMillis              
0000235b  turn_left                     
000022fd  turn_right                    
0000344d  uart_init                     
000034fb  uart_receive                  
000034df  uart_sendChar                 
00003521  uart_sendStr                  
0000433d  vsnprintf                     
00004629  wcslen                        


GLOBAL SYMBOLS: SORTED BY Symbol Address 

address   name                          
-------   ----                          
00000000  __TI_static_base__            
00000000  g_pfnVectors                  
0000026d  oi_alloc                      
00000279  oi_free                       
00000289  oi_init_noupdate              
000002b1  oi_init                       
000002c7  oi_close                      
000002d9  oi_update                     
0000032b  oi_parsePacket                
0000084b  oi_setLeds                    
0000088f  oi_setWheels                  
00000915  oi_loadSong                   
0000096b  oi_play_song                  
0000097f  go_charge                     
0000098d  oi_uartInit                   
00000a15  oi_uartSendChar               
00000a31  oi_uartReceive                
00000a59  oi_uartSendStr                
00000a77  oi_uartSendBuff               
00000aa9  oi_checkFirmware              
00000b51  oi_shutoff_init               
00000bc3  GPIOF_Handler                 
00000db1  oi_setMotorCalibration        
00000ded  oi_getMotorCalibrationLeft    
00000e01  oi_getMotorCalibrationRight   
00000e8d  __TI_printfi                  
00001000  __STACK_SIZE                  
00001000  __SYSMEM_SIZE                 
000018db  _nop                          
000018dd  sendMessage                   
0000190f  main                          
00001e35  lcd_reverseNibble             
00001e71  lcd_init                      
00001f31  lcd_putc                      
00001f69  lcd_puts                      
00001f87  lcd_sendCommand               
00001fc5  lcd_sendNibble                
00002009  lcd_gotoLine                  
00002031  lcd_setCursorPos              
0000206f  lcd_printf                    
0000215d  move_forward                  
00002295  move_back                     
000022fd  turn_right                    
0000235b  turn_left                     
00002665  cyBOT_scan_version            
00002673  cyBOT_init_Scan               
000026cb  cyBOT_Scan                    
0000273d  cyBOT_SERVO_cal               
000028c5  timer_init                    
0000293d  timer_stop                    
00002967  timer_pause                   
00002979  timer_resume                  
0000298b  timer_getMillis               
000029e3  timer_getMicros               
00002a3d  timer_waitMicros              
00002a6f  timer_waitMillis              
00002b0d  ping_init                     
00002b93  ping_trigger                  
00002bfd  TIMER3B_Handler               
00002c4f  ping_getDistance              
00002ec9  __aeabi_dsub                  
00002ed3  __aeabi_dadd                  
0000307f  __aeabi_idiv0                 
0000307f  __aeabi_ldiv0                 
00003081  servo_init                    
00003105  servo_stop                    
00003111  servo_move                    
00003171  servo_setPWM                  
00003315  __aeabi_ddiv                  
0000344d  uart_init                     
000034df  uart_sendChar                 
000034fb  uart_receive                  
00003521  uart_sendStr                  
0000369d  ir_init                       
00003705  ir_getValue                   
0000372d  ir_getDistance                
00003735  ADC0SS0_Handler               
0000374b  ir_enableInterrupt            
000037b5  ldexp                         
000037b5  ldexpl                        
000037b5  scalbn                        
000037b5  scalbnl                       
000038c5  aligned_alloc                 
000038c5  memalign                      
000039c5  __aeabi_dmul                  
00003ac1  free                          
00003c57  __aeabi_memcpy                
00003c57  __aeabi_memcpy4               
00003c57  __aeabi_memcpy8               
00003c57  memcpy                        
00003cf3  __aeabi_uldivmod              
00003d89  __aeabi_cdcmpeq               
00003d89  __aeabi_cdcmple               
00003e0f  __aeabi_cdrcmple              
00003e95  __aeabi_memclr                
00003e95  __aeabi_memclr4               
00003e95  __aeabi_memclr8               
00003e97  __aeabi_memset                
00003e97  __aeabi_memset4               
00003e97  __aeabi_memset8               
00003e9d  memset                        
00003fef  __aeabi_d2f                   
0000405d  __TI_decompress_lzss          
000040c5  frexp                         
000040c5  frexpl                        
0000417f  __TI_ltoa                     
00004225  atoi                          
00004271  __aeabi_d2iz                  
000042b9  __TI_auto_init_nobinit_nopinit
000042fd  sprintf                       
0000433d  vsnprintf                     
000043bd  calloc                        
000043f5  __aeabi_f2d                   
0000442d  IntRegister                   
00004461  _c_int00_noargs               
000044c5  __aeabi_i2d                   
0000451d  __TI_zero_init_nomemset       
00004555  memccpy                       
00004571  copysign                      
00004571  copysignl                     
000045bb  oi_parseInt                   
000045d3  strcmp                        
000045eb  strchr                        
00004601  strcpy                        
00004615  strlen                        
00004629  wcslen                        
0000463b  IntMasterEnable               
0000464b  lcd_clear                     
0000465b  __TI_decompress_none          
00004669  CPUcpsie                      
00004675  ResetISR                      
0000468d  __aeabi_errno_addr            
00004695  malloc                        
0000469d  _system_pre_init              
000046a1  C$$EXIT                       
000046a1  abort                         
000046a4  _ctypes_                      
00004800  __TI_Handler_Table_Base       
0000480c  __TI_Handler_Table_Limit      
00004820  __TI_CINIT_Base               
00004838  __TI_CINIT_Limit              
20000000  __start___llvm_prf_cnts       
20000000  __stop___llvm_prf_cnts        
20000000  g_pfnRAMVectors               
20000270  __stack                       
20000470  __STACK_TOP                   
20001270  __STACK_END                   
20001270  _sys_memory                   
200022dc  _timeout_ticks                
200022e0  fallingEdge                   
200022e4  isr_int_value                 
200022e8  left_calibration_value        
200022ec  pulseLength                   
200022f0  right_calibration_value       
200022f4  risingEdge                    
200022f8  isRisingEdge                  
200022fc  motor_cal_factor_L            
20002300  motor_cal_factor_R            
2000231c  _lock                         
20002320  _unlock                       
2000232c  cyBOT_scan_features           
20002330  errno                         
20002334  _running                      
ffffffff  __TI_pprof_out_hndl           
ffffffff  __TI_prof_data_size           
ffffffff  __TI_prof_data_start          
ffffffff  __binit__                     
ffffffff  __c_args__                    
ffffffff  binit                         
UNDEFED   __mpu_init                    
UNDEFED   _system_post_cinit            

[171 symbols]
